[[1;34mINFO[m] Scanning for projects...
[[1;34mINFO[m] 
[[1;34mINFO[m] [1m-----------------------< [0;36megovframework:EgovJoin[0;1m >-----------------------[m
[[1;34mINFO[m] [1mBuilding EgovJoin 1.0.0[m
[[1;34mINFO[m] [1m--------------------------------[ jar ]---------------------------------[m
[[1;34mINFO[m] 
[[1;34mINFO[m] [1m>>> [0;32mspring-boot-maven-plugin:2.7.18:run[m [1m(default-cli)[0;1m > [0;1mtest-compile[m @ [36mEgovJoin[0;1m >>>[m
[[1;34mINFO[m] 
[[1;34mINFO[m] [1m--- [0;32mapt-maven-plugin:1.1.3:process[m [1m(default)[m @ [36mEgovJoin[0;1m ---[m
[[1;34mINFO[m] 
[[1;34mINFO[m] [1m--- [0;32mmaven-resources-plugin:3.2.0:resources[m [1m(default-resources)[m @ [36mEgovJoin[0;1m ---[m
[[1;34mINFO[m] Using 'UTF-8' encoding to copy filtered resources.
[[1;34mINFO[m] Using 'UTF-8' encoding to copy filtered properties files.
[[1;34mINFO[m] Copying 1 resource
[[1;34mINFO[m] Copying 8 resources
[[1;34mINFO[m] 
[[1;34mINFO[m] [1m--- [0;32mmaven-compiler-plugin:3.10.1:compile[m [1m(default-compile)[m @ [36mEgovJoin[0;1m ---[m
[[1;34mINFO[m] Nothing to compile - all classes are up to date
[[1;34mINFO[m] 
[[1;34mINFO[m] [1m--- [0;32mmaven-resources-plugin:3.2.0:testResources[m [1m(default-testResources)[m @ [36mEgovJoin[0;1m ---[m
[[1;34mINFO[m] Using 'UTF-8' encoding to copy filtered resources.
[[1;34mINFO[m] Using 'UTF-8' encoding to copy filtered properties files.
[[1;34mINFO[m] skip non existing resourceDirectory /opt/carbosys/EgovJoin/src/test/resources
[[1;34mINFO[m] 
[[1;34mINFO[m] [1m--- [0;32mmaven-compiler-plugin:3.10.1:testCompile[m [1m(default-testCompile)[m @ [36mEgovJoin[0;1m ---[m
[[1;34mINFO[m] No sources to compile
[[1;34mINFO[m] 
[[1;34mINFO[m] [1m<<< [0;32mspring-boot-maven-plugin:2.7.18:run[m [1m(default-cli)[0;1m < [0;1mtest-compile[m @ [36mEgovJoin[0;1m <<<[m
[[1;34mINFO[m] 
[[1;34mINFO[m] 
[[1;34mINFO[m] [1m--- [0;32mspring-boot-maven-plugin:2.7.18:run[m [1m(default-cli)[m @ [36mEgovJoin[0;1m ---[m
[[1;34mINFO[m] Attaching agents: []

  .   ____          _            __ _ _
 /\\ / ___'_ __ _ _(_)_ __  __ _ \ \ \ \
( ( )\___ | '_ | '_| | '_ \/ _` | \ \ \ \
 \\/  ___)| |_)| | | | | || (_| |  ) ) ) )
  '  |____| .__|_| |_|_| |_\__, | / / / /
 =========|_|==============|___/=/_/_/_/
 :: Spring Boot ::               (v2.7.18)

2026-02-23 10:59:04.912  INFO 36526 --- [           main] e.c.EgovJoinApplication                  : Starting EgovJoinApplication using Java 17.0.18 on DESKTOP-040GL2H with PID 36526 (/opt/carbosys/EgovJoin/target/classes started by root in /opt/carbosys/EgovJoin)
2026-02-23 10:59:04.914 DEBUG 36526 --- [           main] e.c.EgovJoinApplication                  : Running with Spring Boot v2.7.18, Spring v5.3.37
2026-02-23 10:59:04.915  INFO 36526 --- [           main] e.c.EgovJoinApplication                  : The following 1 profile is active: "local"
2026-02-23 10:59:04.938  INFO 36526 --- [           main] o.s.c.c.c.ConfigServerConfigDataLoader   : Fetching config from server at : http://localhost:8888
2026-02-23 10:59:04.939  INFO 36526 --- [           main] o.s.c.c.c.ConfigServerConfigDataLoader   : Located environment: name=EgovJoin, profiles=[default], label=null, version=null, state=null
2026-02-23 10:59:04.939  INFO 36526 --- [           main] o.s.c.c.c.ConfigServerConfigDataLoader   : Fetching config from server at : http://localhost:8888
2026-02-23 10:59:04.939  INFO 36526 --- [           main] o.s.c.c.c.ConfigServerConfigDataLoader   : Located environment: name=EgovJoin, profiles=[local], label=null, version=null, state=null
2026-02-23 10:59:05.361  INFO 36526 --- [           main] .s.d.r.c.RepositoryConfigurationDelegate : Bootstrapping Spring Data JPA repositories in DEFAULT mode.
2026-02-23 10:59:05.369  INFO 36526 --- [           main] .s.d.r.c.RepositoryConfigurationDelegate : Finished Spring Data repository scanning in 4 ms. Found 0 JPA repository interfaces.
2026-02-23 10:59:05.453  WARN 36526 --- [           main] o.m.s.m.ClassPathMapperScanner           : No MyBatis mapper was found in '[egovframework.com.uss.umt.service.impl]' package. Please check your configuration.
2026-02-23 10:59:05.497  INFO 36526 --- [           main] o.s.c.c.s.GenericScope                   : BeanFactory id=437a7eb9-a76e-3ce0-89a7-1738996e57d6
2026-02-23 10:59:05.666  INFO 36526 --- [           main] trationDelegate$BeanPostProcessorChecker : Bean 'org.springframework.cloud.client.loadbalancer.reactive.LoadBalancerBeanPostProcessorAutoConfiguration' of type [org.springframework.cloud.client.loadbalancer.reactive.LoadBalancerBeanPostProcessorAutoConfiguration] is not eligible for getting processed by all BeanPostProcessors (for example: not eligible for auto-proxying)
2026-02-23 10:59:05.667  INFO 36526 --- [           main] trationDelegate$BeanPostProcessorChecker : Bean 'org.springframework.cloud.client.loadbalancer.reactive.LoadBalancerBeanPostProcessorAutoConfiguration$ReactorDeferringLoadBalancerFilterConfig' of type [org.springframework.cloud.client.loadbalancer.reactive.LoadBalancerBeanPostProcessorAutoConfiguration$ReactorDeferringLoadBalancerFilterConfig] is not eligible for getting processed by all BeanPostProcessors (for example: not eligible for auto-proxying)
2026-02-23 10:59:05.668  INFO 36526 --- [           main] trationDelegate$BeanPostProcessorChecker : Bean 'reactorDeferringLoadBalancerExchangeFilterFunction' of type [org.springframework.cloud.client.loadbalancer.reactive.DeferringLoadBalancerExchangeFilterFunction] is not eligible for getting processed by all BeanPostProcessors (for example: not eligible for auto-proxying)
2026-02-23 10:59:05.772  INFO 36526 --- [           main] o.s.b.w.e.t.TomcatWebServer              : Tomcat initialized with port(s): 18003 (http)
Feb 23, 2026 10:59:05 AM org.apache.coyote.AbstractProtocol init
INFO: Initializing ProtocolHandler ["http-nio-18003"]
Feb 23, 2026 10:59:05 AM org.apache.catalina.core.StandardService startInternal
INFO: Starting service [Tomcat]
Feb 23, 2026 10:59:05 AM org.apache.catalina.core.StandardEngine startInternal
INFO: Starting Servlet engine: [Apache Tomcat/9.0.83]
Feb 23, 2026 10:59:05 AM org.apache.catalina.core.ApplicationContext log
INFO: Initializing Spring embedded WebApplicationContext
2026-02-23 10:59:05.838  INFO 36526 --- [           main] w.s.c.ServletWebServerApplicationContext : Root WebApplicationContext: initialization completed in 897 ms
2026-02-23 10:59:05.877  INFO 36526 --- [           main] c.z.h.HikariDataSource                   : HikariPool-1 - Starting...
2026-02-23 10:59:05.892  INFO 36526 --- [           main] c.z.h.p.PoolBase                         : HikariPool-1 - Driver does not support get/set network timeout for connections. (java.lang.UnsupportedOperationException)
2026-02-23 10:59:05.894  INFO 36526 --- [           main] c.z.h.HikariDataSource                   : HikariPool-1 - Start completed.
2026-02-23 10:59:05.988  INFO 36526 --- [           main] o.e.b.s.u.j.EgovJdbcUserDetailsManager   : No authentication manager set. Reauthentication of users when changing passwords will not be performed.
2026-02-23 10:59:05.989  INFO 36526 --- [           main] o.e.b.s.u.j.EgovJdbcUserDetailsManager   : ### EgovJdbcUserDetailsManager.initMappingSqlQueries >>> query : SELECT USER_ID, PASSWORD, 'TRUE' AS ENABLED FROM COMVNUSERMASTER WHERE USER_ID = ?
}
2026-02-23 10:59:05.989  INFO 36526 --- [           main] o.e.b.s.u.j.EgovJdbcUserDetailsManager   : ### EgovJdbcUserDetailsManager.initMappingSqlQueries >>> Mapping Class : org.egovframe.boot.security.userdetails.DefaultMapUserDetailsMapping
2026-02-23 10:59:06.020 DEBUG 36526 --- [           main] e.c.f.AuthorizeFilter                    : Filter 'authorizeFilter' configured for use
2026-02-23 10:59:06.045  INFO 36526 --- [           main] o.h.j.i.u.LogHelper                      : HHH000204: Processing PersistenceUnitInfo [name: default]
2026-02-23 10:59:06.070  INFO 36526 --- [           main] o.h.Version                              : HHH000412: Hibernate ORM core version 5.6.15.Final
2026-02-23 10:59:06.130  INFO 36526 --- [           main] o.h.a.c.Version                          : HCANN000001: Hibernate Commons Annotations {5.1.2.Final}
2026-02-23 10:59:06.199  INFO 36526 --- [           main] o.h.d.Dialect                            : HHH000400: Using dialect: org.hibernate.dialect.CUBRIDDialect
2026-02-23 10:59:06.207  INFO 36526 --- [           main] o.h.o.beans                              : HHH10005002: No explicit CDI BeanManager reference was passed to Hibernate, but CDI is available on the Hibernate ClassLoader.
2026-02-23 10:59:06.278  INFO 36526 --- [           main] o.h.e.t.j.p.i.JtaPlatformInitiator       : HHH000490: Using JtaPlatform implementation: [org.hibernate.engine.transaction.jta.platform.internal.NoJtaPlatform]
2026-02-23 10:59:06.283  INFO 36526 --- [           main] j.LocalContainerEntityManagerFactoryBean : Initialized JPA EntityManagerFactory for persistence unit 'default'
2026-02-23 10:59:06.383  INFO 36526 --- [           main] o.s.a.f.CglibAopProxy                    : Unable to proxy interface-implementing method [public final void org.springframework.dao.support.DaoSupport.afterPropertiesSet() throws java.lang.IllegalArgumentException,org.springframework.beans.factory.BeanInitializationException] because it is marked as final: Consider using interface-based JDK proxies instead!
2026-02-23 10:59:06.400  INFO 36526 --- [           main] o.s.a.f.CglibAopProxy                    : Unable to proxy interface-implementing method [public final void org.springframework.dao.support.DaoSupport.afterPropertiesSet() throws java.lang.IllegalArgumentException,org.springframework.beans.factory.BeanInitializationException] because it is marked as final: Consider using interface-based JDK proxies instead!
2026-02-23 10:59:06.406  INFO 36526 --- [           main] o.s.a.f.CglibAopProxy                    : Unable to proxy interface-implementing method [public final void org.springframework.dao.support.DaoSupport.afterPropertiesSet() throws java.lang.IllegalArgumentException,org.springframework.beans.factory.BeanInitializationException] because it is marked as final: Consider using interface-based JDK proxies instead!
2026-02-23 10:59:06.410  INFO 36526 --- [           main] o.s.a.f.CglibAopProxy                    : Unable to proxy interface-implementing method [public final void org.springframework.dao.support.DaoSupport.afterPropertiesSet() throws java.lang.IllegalArgumentException,org.springframework.beans.factory.BeanInitializationException] because it is marked as final: Consider using interface-based JDK proxies instead!
2026-02-23 10:59:06.414  INFO 36526 --- [           main] o.s.a.f.CglibAopProxy                    : Unable to proxy interface-implementing method [public final void org.springframework.dao.support.DaoSupport.afterPropertiesSet() throws java.lang.IllegalArgumentException,org.springframework.beans.factory.BeanInitializationException] because it is marked as final: Consider using interface-based JDK proxies instead!
2026-02-23 10:59:06.547  INFO 36526 --- [           main] o.s.s.w.DefaultSecurityFilterChain       : Will secure any request with [org.springframework.security.web.session.DisableEncodeUrlFilter@277dddcf, org.springframework.security.web.context.request.async.WebAsyncManagerIntegrationFilter@321c01c2, org.springframework.security.web.context.SecurityContextPersistenceFilter@539f2fec, org.springframework.security.web.header.HeaderWriterFilter@123d666b, org.springframework.security.web.authentication.logout.LogoutFilter@63f16350, org.springframework.security.web.session.ConcurrentSessionFilter@39ae6408, org.springframework.security.web.authentication.www.BasicAuthenticationFilter@2396dc4e, org.springframework.security.web.savedrequest.RequestCacheAwareFilter@7d466ef9, org.springframework.security.web.servletapi.SecurityContextHolderAwareRequestFilter@4a561f7d, org.springframework.security.web.authentication.AnonymousAuthenticationFilter@d5eca06, org.springframework.security.web.session.SessionManagementFilter@7e44f989, org.springframework.security.web.access.ExceptionTranslationFilter@6d3194ff, org.springframework.security.web.access.intercept.FilterSecurityInterceptor@124ff64d, org.springframework.security.web.access.intercept.FilterSecurityInterceptor@16718e1b]
2026-02-23 10:59:06.617 DEBUG 36526 --- [           main] s.w.s.m.m.a.RequestMappingHandlerAdapter : ControllerAdvice beans: 0 @ModelAttribute, 0 @InitBinder, 1 RequestBodyAdvice, 1 ResponseBodyAdvice
2026-02-23 10:59:06.655 DEBUG 36526 --- [           main] s.w.s.m.m.a.RequestMappingHandlerMapping : 7 mappings in 'requestMappingHandlerMapping'
2026-02-23 10:59:06.664 DEBUG 36526 --- [           main] o.s.w.s.h.SimpleUrlHandlerMapping        : Patterns [/webjars/**, /**, /uss/umt/**] in 'resourceHandlerMapping'
2026-02-23 10:59:06.668 DEBUG 36526 --- [           main] .m.m.a.ExceptionHandlerExceptionResolver : ControllerAdvice beans: 0 @ExceptionHandler, 1 ResponseBodyAdvice
2026-02-23 10:59:06.801  INFO 36526 --- [           main] DiscoveryClientOptionalArgsConfiguration : Eureka HTTP Client uses RestTemplate.
2026-02-23 10:59:06.831  WARN 36526 --- [           main] iguration$LoadBalancerCaffeineWarnLogger : Spring Cloud LoadBalancer is currently working with the default cache. While this cache implementation is useful for development and tests, it's recommended to use Caffeine cache in production.You can switch to using Caffeine cache, by adding it and org.springframework.cache.caffeine.CaffeineCacheManager to the classpath.
2026-02-23 10:59:06.833  INFO 36526 --- [           main] o.s.b.a.e.w.EndpointLinksResolver        : Exposing 1 endpoint(s) beneath base path '/actuator'
2026-02-23 10:59:06.854  INFO 36526 --- [           main] o.s.c.n.e.InstanceInfoFactory            : Setting initial instance status as: STARTING
2026-02-23 10:59:06.871  INFO 36526 --- [           main] c.n.d.DiscoveryClient                    : Initializing Eureka in region us-east-1
2026-02-23 10:59:06.873  INFO 36526 --- [           main] c.n.d.s.r.a.ConfigClusterResolver        : Resolving eureka endpoints via configuration
2026-02-23 10:59:06.885  INFO 36526 --- [           main] c.n.d.DiscoveryClient                    : Disable delta property : false
2026-02-23 10:59:06.885  INFO 36526 --- [           main] c.n.d.DiscoveryClient                    : Single vip registry refresh property : null
2026-02-23 10:59:06.885  INFO 36526 --- [           main] c.n.d.DiscoveryClient                    : Force full registry fetch : false
2026-02-23 10:59:06.885  INFO 36526 --- [           main] c.n.d.DiscoveryClient                    : Application is null : false
2026-02-23 10:59:06.885  INFO 36526 --- [           main] c.n.d.DiscoveryClient                    : Registered Applications size is zero : true
2026-02-23 10:59:06.885  INFO 36526 --- [           main] c.n.d.DiscoveryClient                    : Application version is -1: true
2026-02-23 10:59:06.885  INFO 36526 --- [           main] c.n.d.DiscoveryClient                    : Getting all instance registry info from the eureka server
2026-02-23 10:59:06.961 DEBUG 36526 --- [           main] o.s.w.c.RestTemplate                     : HTTP GET http://localhost:8761/eureka/apps/
2026-02-23 10:59:06.989 DEBUG 36526 --- [           main] o.s.w.c.RestTemplate                     : Accept=[application/json, application/*+json]
2026-02-23 10:59:07.009 DEBUG 36526 --- [           main] o.s.w.c.RestTemplate                     : Response 200 OK
2026-02-23 10:59:07.009 DEBUG 36526 --- [           main] o.s.w.c.RestTemplate                     : Reading to [org.springframework.cloud.netflix.eureka.http.EurekaApplications]
2026-02-23 10:59:07.013  INFO 36526 --- [           main] c.n.d.DiscoveryClient                    : The response status is 200
2026-02-23 10:59:07.015  INFO 36526 --- [           main] c.n.d.DiscoveryClient                    : Starting heartbeat executor: renew interval is: 30
2026-02-23 10:59:07.017  INFO 36526 --- [           main] c.n.d.InstanceInfoReplicator             : InstanceInfoReplicator onDemand update allowed rate per min is 4
2026-02-23 10:59:07.019  INFO 36526 --- [           main] c.n.d.DiscoveryClient                    : Discovery Client initialized at timestamp 1771811947019 with initial instances count: 4
2026-02-23 10:59:07.020  INFO 36526 --- [           main] o.s.c.n.e.s.EurekaServiceRegistry        : Registering application EGOVJOIN with eureka with status UP
2026-02-23 10:59:07.020  INFO 36526 --- [           main] c.n.d.DiscoveryClient                    : Saw local status change event StatusChangeEvent [timestamp=1771811947020, current=UP, previous=STARTING]
2026-02-23 10:59:07.021  INFO 36526 --- [nfoReplicator-0] c.n.d.DiscoveryClient                    : DiscoveryClient_EGOVJOIN/10.255.255.254:EgovJoin:18003: registering service...
Feb 23, 2026 10:59:07 AM org.apache.coyote.AbstractProtocol start
INFO: Starting ProtocolHandler ["http-nio-18003"]
2026-02-23 10:59:07.023 DEBUG 36526 --- [nfoReplicator-0] o.s.w.c.RestTemplate                     : HTTP POST http://localhost:8761/eureka/apps/EGOVJOIN
2026-02-23 10:59:07.024 DEBUG 36526 --- [nfoReplicator-0] o.s.w.c.RestTemplate                     : Accept=[application/json, application/*+json]
2026-02-23 10:59:07.024  WARN 36526 --- [           main] ConfigServletWebServerApplicationContext : Exception encountered during context initialization - cancelling refresh attempt: org.springframework.context.ApplicationContextException: Failed to start bean 'webServerStartStop'; nested exception is org.springframework.boot.web.server.PortInUseException: Port 18003 is already in use
2026-02-23 10:59:07.027  INFO 36526 --- [           main] j.LocalContainerEntityManagerFactoryBean : Closing JPA EntityManagerFactory for persistence unit 'default'
2026-02-23 10:59:07.027  INFO 36526 --- [           main] c.z.h.HikariDataSource                   : HikariPool-1 - Shutdown initiated...
2026-02-23 10:59:07.031 DEBUG 36526 --- [nfoReplicator-0] o.s.w.c.RestTemplate                     : Writing [InstanceInfo [instanceId = 10.255.255.254:EgovJoin:18003, appName = EGOVJOIN, hostName = 10.255.255.254, status = UP, ipAddr = 10.255.255.254, port = 18003, securePort = 443, dataCenterInfo = com.netflix.appinfo.MyDataCenterInfo@b2db8bc] as "application/json"
2026-02-23 10:59:07.031  INFO 36526 --- [           main] c.z.h.HikariDataSource                   : HikariPool-1 - Shutdown completed.
2026-02-23 10:59:07.032  INFO 36526 --- [           main] c.n.d.DiscoveryClient                    : Shutting down DiscoveryClient ...
2026-02-23 10:59:07.040 DEBUG 36526 --- [nfoReplicator-0] o.s.w.c.RestTemplate                     : Response 204 NO_CONTENT
2026-02-23 10:59:07.040  INFO 36526 --- [nfoReplicator-0] c.n.d.DiscoveryClient                    : DiscoveryClient_EGOVJOIN/10.255.255.254:EgovJoin:18003 - registration status: 204
2026-02-23 10:59:07.041  INFO 36526 --- [           main] c.n.d.DiscoveryClient                    : Unregistering ...
2026-02-23 10:59:07.042 DEBUG 36526 --- [           main] o.s.w.c.RestTemplate                     : HTTP DELETE http://localhost:8761/eureka/apps/EGOVJOIN/10.255.255.254:EgovJoin:18003
2026-02-23 10:59:07.042 DEBUG 36526 --- [           main] o.s.w.c.RestTemplate                     : Accept=[application/json, application/*+json]
2026-02-23 10:59:07.044 DEBUG 36526 --- [           main] o.s.w.c.RestTemplate                     : Response 200 OK
2026-02-23 10:59:07.044  INFO 36526 --- [           main] c.n.d.DiscoveryClient                    : DiscoveryClient_EGOVJOIN/10.255.255.254:EgovJoin:18003 - deregister  status: 200
2026-02-23 10:59:07.046  INFO 36526 --- [           main] c.n.d.DiscoveryClient                    : Completed shut down of DiscoveryClient
Feb 23, 2026 10:59:07 AM org.apache.coyote.AbstractProtocol pause
INFO: Pausing ProtocolHandler ["http-nio-18003"]
Feb 23, 2026 10:59:07 AM org.apache.catalina.core.StandardService stopInternal
INFO: Stopping service [Tomcat]
Feb 23, 2026 10:59:07 AM org.apache.coyote.AbstractProtocol stop
INFO: Stopping ProtocolHandler ["http-nio-18003"]
Feb 23, 2026 10:59:07 AM org.apache.coyote.AbstractProtocol destroy
INFO: Destroying ProtocolHandler ["http-nio-18003"]
2026-02-23 10:59:07.057  INFO 36526 --- [           main] ConditionEvaluationReportLoggingListener : 

Error starting ApplicationContext. To display the conditions report re-run your application with 'debug' enabled.
2026-02-23 10:59:07.067 ERROR 36526 --- [           main] o.s.b.d.LoggingFailureAnalysisReporter   : 

***************************
APPLICATION FAILED TO START
***************************

Description:

Web server failed to start. Port 18003 was already in use.

Action:

Identify and stop the process that's listening on port 18003 or configure this application to listen on another port.

[[1;34mINFO[m] [1m------------------------------------------------------------------------[m
[[1;34mINFO[m] [1;31mBUILD FAILURE[m
[[1;34mINFO[m] [1m------------------------------------------------------------------------[m
[[1;34mINFO[m] Total time:  4.311 s
[[1;34mINFO[m] Finished at: 2026-02-23T10:59:07+09:00
[[1;34mINFO[m] [1m------------------------------------------------------------------------[m
[[1;31mERROR[m] Failed to execute goal [32morg.springframework.boot:spring-boot-maven-plugin:2.7.18:run[m [1m(default-cli)[m on project [36mEgovJoin[m: [1;31mApplication finished with exit code: 1[m -> [1m[Help 1][m
[[1;31mERROR[m] 
[[1;31mERROR[m] To see the full stack trace of the errors, re-run Maven with the [1m-e[m switch.
[[1;31mERROR[m] Re-run Maven using the [1m-X[m switch to enable full debug logging.
[[1;31mERROR[m] 
[[1;31mERROR[m] For more information about the errors and possible solutions, please read the following articles:
[[1;31mERROR[m] [1m[Help 1][m http://cwiki.apache.org/confluence/display/MAVEN/MojoExecutionException
