[[1;34mINFO[m] Scanning for projects...
[[1;34mINFO[m] 
[[1;34mINFO[m] [1m--------------------< [0;36megovframework:EgovCertLogin[0;1m >---------------------[m
[[1;34mINFO[m] [1mBuilding egov-certlogin 1.0.0[m
[[1;34mINFO[m] [1m--------------------------------[ jar ]---------------------------------[m
[[1;34mINFO[m] 
[[1;34mINFO[m] [1m>>> [0;32mspring-boot-maven-plugin:2.7.18:run[m [1m(default-cli)[0;1m > [0;1mtest-compile[m @ [36mEgovCertLogin[0;1m >>>[m
[[1;34mINFO[m] 
[[1;34mINFO[m] [1m--- [0;32mmaven-resources-plugin:3.2.0:resources[m [1m(default-resources)[m @ [36mEgovCertLogin[0;1m ---[m
[[1;34mINFO[m] Using 'UTF-8' encoding to copy filtered resources.
[[1;34mINFO[m] Using 'UTF-8' encoding to copy filtered properties files.
[[1;34mINFO[m] Copying 1 resource
[[1;34mINFO[m] Copying 596 resources
[[1;34mINFO[m] 
[[1;34mINFO[m] [1m--- [0;32mmaven-compiler-plugin:3.8.1:compile[m [1m(default-compile)[m @ [36mEgovCertLogin[0;1m ---[m
[[1;34mINFO[m] Nothing to compile - all classes are up to date
[[1;34mINFO[m] 
[[1;34mINFO[m] [1m--- [0;32mmaven-resources-plugin:3.2.0:testResources[m [1m(default-testResources)[m @ [36mEgovCertLogin[0;1m ---[m
[[1;34mINFO[m] Using 'UTF-8' encoding to copy filtered resources.
[[1;34mINFO[m] Using 'UTF-8' encoding to copy filtered properties files.
[[1;34mINFO[m] skip non existing resourceDirectory /opt/carbosys/EgovCertLogin/src/test/resources
[[1;34mINFO[m] 
[[1;34mINFO[m] [1m--- [0;32mmaven-compiler-plugin:3.8.1:testCompile[m [1m(default-testCompile)[m @ [36mEgovCertLogin[0;1m ---[m
[[1;34mINFO[m] No sources to compile
[[1;34mINFO[m] 
[[1;34mINFO[m] [1m<<< [0;32mspring-boot-maven-plugin:2.7.18:run[m [1m(default-cli)[0;1m < [0;1mtest-compile[m @ [36mEgovCertLogin[0;1m <<<[m
[[1;34mINFO[m] 
[[1;34mINFO[m] 
[[1;34mINFO[m] [1m--- [0;32mspring-boot-maven-plugin:2.7.18:run[m [1m(default-cli)[m @ [36mEgovCertLogin[0;1m ---[m
[[1;34mINFO[m] Attaching agents: []

  .   ____          _            __ _ _
 /\\ / ___'_ __ _ _(_)_ __  __ _ \ \ \ \
( ( )\___ | '_ | '_| | '_ \/ _` | \ \ \ \
 \\/  ___)| |_)| | | | | || (_| |  ) ) ) )
  '  |____| .__|_| |_|_| |_\__, | / / / /
 =========|_|==============|___/=/_/_/_/
 :: Spring Boot ::               (v2.7.18)

2026-02-24 10:23:41.616  INFO 195745 --- [           main] e.c.EgovCertLoginApplication             : Starting EgovCertLoginApplication using Java 17.0.18 on DESKTOP-040GL2H with PID 195745 (/opt/carbosys/EgovCertLogin/target/classes started by root in /opt/carbosys/EgovCertLogin)
2026-02-24 10:23:41.620 DEBUG 195745 --- [           main] e.c.EgovCertLoginApplication             : Running with Spring Boot v2.7.18, Spring v5.3.37
2026-02-24 10:23:41.620  INFO 195745 --- [           main] e.c.EgovCertLoginApplication             : The following 1 profile is active: "local"
2026-02-24 10:23:41.641  INFO 195745 --- [           main] o.s.c.c.c.ConfigServerConfigDataLoader   : Fetching config from server at : http://localhost:8888
2026-02-24 10:23:41.641  INFO 195745 --- [           main] o.s.c.c.c.ConfigServerConfigDataLoader   : Located environment: name=EgovCertLogin, profiles=[default], label=null, version=null, state=null
2026-02-24 10:23:41.641  INFO 195745 --- [           main] o.s.c.c.c.ConfigServerConfigDataLoader   : Fetching config from server at : http://localhost:8888
2026-02-24 10:23:41.641  INFO 195745 --- [           main] o.s.c.c.c.ConfigServerConfigDataLoader   : Located environment: name=EgovCertLogin, profiles=[local], label=null, version=null, state=null
2026-02-24 10:23:42.089  INFO 195745 --- [           main] .s.d.r.c.RepositoryConfigurationDelegate : Bootstrapping Spring Data JPA repositories in DEFAULT mode.
2026-02-24 10:23:42.148  INFO 195745 --- [           main] .s.d.r.c.RepositoryConfigurationDelegate : Finished Spring Data repository scanning in 56 ms. Found 4 JPA repository interfaces.
2026-02-24 10:23:42.272  INFO 195745 --- [           main] o.s.c.c.s.GenericScope                   : BeanFactory id=aaebfb97-c29c-3b37-b3d0-1a1ff9ea2d99
2026-02-24 10:23:42.400  INFO 195745 --- [           main] trationDelegate$BeanPostProcessorChecker : Bean 'org.springframework.cloud.client.loadbalancer.reactive.LoadBalancerBeanPostProcessorAutoConfiguration' of type [org.springframework.cloud.client.loadbalancer.reactive.LoadBalancerBeanPostProcessorAutoConfiguration] is not eligible for getting processed by all BeanPostProcessors (for example: not eligible for auto-proxying)
2026-02-24 10:23:42.401  INFO 195745 --- [           main] trationDelegate$BeanPostProcessorChecker : Bean 'org.springframework.cloud.client.loadbalancer.reactive.LoadBalancerBeanPostProcessorAutoConfiguration$ReactorDeferringLoadBalancerFilterConfig' of type [org.springframework.cloud.client.loadbalancer.reactive.LoadBalancerBeanPostProcessorAutoConfiguration$ReactorDeferringLoadBalancerFilterConfig] is not eligible for getting processed by all BeanPostProcessors (for example: not eligible for auto-proxying)
2026-02-24 10:23:42.401  INFO 195745 --- [           main] trationDelegate$BeanPostProcessorChecker : Bean 'reactorDeferringLoadBalancerExchangeFilterFunction' of type [org.springframework.cloud.client.loadbalancer.reactive.DeferringLoadBalancerExchangeFilterFunction] is not eligible for getting processed by all BeanPostProcessors (for example: not eligible for auto-proxying)
2026-02-24 10:23:42.496  INFO 195745 --- [           main] o.s.b.w.e.t.TomcatWebServer              : Tomcat initialized with port(s): 18031 (http)
Feb 24, 2026 10:23:42 AM org.apache.coyote.AbstractProtocol init
INFO: Initializing ProtocolHandler ["http-nio-18031"]
Feb 24, 2026 10:23:42 AM org.apache.catalina.core.StandardService startInternal
INFO: Starting service [Tomcat]
Feb 24, 2026 10:23:42 AM org.apache.catalina.core.StandardEngine startInternal
INFO: Starting Servlet engine: [Apache Tomcat/9.0.83]
Feb 24, 2026 10:23:42 AM org.apache.catalina.core.ApplicationContext log
INFO: Initializing Spring embedded WebApplicationContext
2026-02-24 10:23:42.571  INFO 195745 --- [           main] w.s.c.ServletWebServerApplicationContext : Root WebApplicationContext: initialization completed in 929 ms
2026-02-24 10:23:42.614  INFO 195745 --- [           main] c.z.h.HikariDataSource                   : HikariPool-1 - Starting...
2026-02-24 10:23:42.649  INFO 195745 --- [           main] c.z.h.p.PoolBase                         : HikariPool-1 - Driver does not support get/set network timeout for connections. (java.lang.UnsupportedOperationException)
2026-02-24 10:23:42.651  INFO 195745 --- [           main] c.z.h.HikariDataSource                   : HikariPool-1 - Start completed.
2026-02-24 10:23:42.753  INFO 195745 --- [           main] o.e.b.s.u.j.EgovJdbcUserDetailsManager   : No authentication manager set. Reauthentication of users when changing passwords will not be performed.
2026-02-24 10:23:42.753  INFO 195745 --- [           main] o.e.b.s.u.j.EgovJdbcUserDetailsManager   : ### EgovJdbcUserDetailsManager.initMappingSqlQueries >>> query : SELECT USER_ID, PASSWORD, 'TRUE' AS ENABLED FROM COMVNUSERMASTER WHERE USER_ID = ?
}
2026-02-24 10:23:42.753  INFO 195745 --- [           main] o.e.b.s.u.j.EgovJdbcUserDetailsManager   : ### EgovJdbcUserDetailsManager.initMappingSqlQueries >>> Mapping Class : org.egovframe.boot.security.userdetails.DefaultMapUserDetailsMapping
2026-02-24 10:23:42.790 DEBUG 195745 --- [           main] e.c.f.AuthorizeFilter                    : Filter 'authorizeFilter' configured for use
2026-02-24 10:23:42.819  INFO 195745 --- [           main] o.h.j.i.u.LogHelper                      : HHH000204: Processing PersistenceUnitInfo [name: default]
2026-02-24 10:23:42.844  INFO 195745 --- [           main] o.h.Version                              : HHH000412: Hibernate ORM core version 5.6.15.Final
2026-02-24 10:23:42.918  INFO 195745 --- [           main] o.h.a.c.Version                          : HCANN000001: Hibernate Commons Annotations {5.1.2.Final}
2026-02-24 10:23:43.004  INFO 195745 --- [           main] o.h.d.Dialect                            : HHH000400: Using dialect: org.hibernate.dialect.CUBRIDDialect
2026-02-24 10:23:43.016  INFO 195745 --- [           main] o.h.o.beans                              : HHH10005002: No explicit CDI BeanManager reference was passed to Hibernate, but CDI is available on the Hibernate ClassLoader.
2026-02-24 10:23:43.319  INFO 195745 --- [           main] o.h.e.t.j.p.i.JtaPlatformInitiator       : HHH000490: Using JtaPlatform implementation: [org.hibernate.engine.transaction.jta.platform.internal.NoJtaPlatform]
2026-02-24 10:23:43.323  INFO 195745 --- [           main] j.LocalContainerEntityManagerFactoryBean : Initialized JPA EntityManagerFactory for persistence unit 'default'
2026-02-24 10:23:48.804  INFO 195745 --- [           main] o.s.s.w.DefaultSecurityFilterChain       : Will secure any request with [org.springframework.security.web.session.DisableEncodeUrlFilter@1bfa398e, org.springframework.security.web.context.request.async.WebAsyncManagerIntegrationFilter@1203c259, org.springframework.security.web.context.SecurityContextPersistenceFilter@dcc7d1c, org.springframework.security.web.header.HeaderWriterFilter@1631a614, org.springframework.security.web.authentication.logout.LogoutFilter@97e9568, org.springframework.security.web.session.ConcurrentSessionFilter@2ce24a1a, org.springframework.security.web.authentication.www.BasicAuthenticationFilter@21b508a0, org.springframework.security.web.savedrequest.RequestCacheAwareFilter@411b75b4, org.springframework.security.web.servletapi.SecurityContextHolderAwareRequestFilter@21298c3a, org.springframework.security.web.authentication.AnonymousAuthenticationFilter@3bd552f7, org.springframework.security.web.session.SessionManagementFilter@68f1e261, org.springframework.security.web.access.ExceptionTranslationFilter@1e8fd198, org.springframework.security.web.access.intercept.FilterSecurityInterceptor@37142579, org.springframework.security.web.access.intercept.FilterSecurityInterceptor@648639f1]
2026-02-24 10:23:48.861 DEBUG 195745 --- [           main] s.w.s.m.m.a.RequestMappingHandlerAdapter : ControllerAdvice beans: 0 @ModelAttribute, 0 @InitBinder, 1 RequestBodyAdvice, 1 ResponseBodyAdvice
2026-02-24 10:23:43.240 DEBUG 195745 --- [           main] s.w.s.m.m.a.RequestMappingHandlerMapping : 15 mappings in 'requestMappingHandlerMapping'
2026-02-24 10:23:43.250 DEBUG 195745 --- [           main] o.s.w.s.h.SimpleUrlHandlerMapping        : Patterns [/webjars/**, /**, /uat/uia/**] in 'resourceHandlerMapping'
2026-02-24 10:23:43.259 DEBUG 195745 --- [           main] .m.m.a.ExceptionHandlerExceptionResolver : ControllerAdvice beans: 0 @ExceptionHandler, 1 ResponseBodyAdvice
2026-02-24 10:23:43.395  INFO 195745 --- [           main] DiscoveryClientOptionalArgsConfiguration : Eureka HTTP Client uses RestTemplate.
2026-02-24 10:23:43.430  WARN 195745 --- [           main] iguration$LoadBalancerCaffeineWarnLogger : Spring Cloud LoadBalancer is currently working with the default cache. While this cache implementation is useful for development and tests, it's recommended to use Caffeine cache in production.You can switch to using Caffeine cache, by adding it and org.springframework.cache.caffeine.CaffeineCacheManager to the classpath.
2026-02-24 10:23:43.432  INFO 195745 --- [           main] o.s.b.a.e.w.EndpointLinksResolver        : Exposing 2 endpoint(s) beneath base path '/actuator'
2026-02-24 10:23:43.447  INFO 195745 --- [           main] o.s.c.n.e.InstanceInfoFactory            : Setting initial instance status as: STARTING
2026-02-24 10:23:43.461  INFO 195745 --- [           main] c.n.d.DiscoveryClient                    : Initializing Eureka in region us-east-1
2026-02-24 10:23:43.463  INFO 195745 --- [           main] c.n.d.s.r.a.ConfigClusterResolver        : Resolving eureka endpoints via configuration
2026-02-24 10:23:43.472  INFO 195745 --- [           main] c.n.d.DiscoveryClient                    : Disable delta property : false
2026-02-24 10:23:43.472  INFO 195745 --- [           main] c.n.d.DiscoveryClient                    : Single vip registry refresh property : null
2026-02-24 10:23:43.472  INFO 195745 --- [           main] c.n.d.DiscoveryClient                    : Force full registry fetch : false
2026-02-24 10:23:43.472  INFO 195745 --- [           main] c.n.d.DiscoveryClient                    : Application is null : false
2026-02-24 10:23:43.472  INFO 195745 --- [           main] c.n.d.DiscoveryClient                    : Registered Applications size is zero : true
2026-02-24 10:23:43.473  INFO 195745 --- [           main] c.n.d.DiscoveryClient                    : Application version is -1: true
2026-02-24 10:23:43.473  INFO 195745 --- [           main] c.n.d.DiscoveryClient                    : Getting all instance registry info from the eureka server
2026-02-24 10:23:43.539 DEBUG 195745 --- [           main] o.s.w.c.RestTemplate                     : HTTP GET http://localhost:8761/eureka/apps/
2026-02-24 10:23:43.560 DEBUG 195745 --- [           main] o.s.w.c.RestTemplate                     : Accept=[application/json, application/*+json]
2026-02-24 10:23:43.576 DEBUG 195745 --- [           main] o.s.w.c.RestTemplate                     : Response 200 OK
2026-02-24 10:23:43.577 DEBUG 195745 --- [           main] o.s.w.c.RestTemplate                     : Reading to [org.springframework.cloud.netflix.eureka.http.EurekaApplications]
2026-02-24 10:23:43.581  INFO 195745 --- [           main] c.n.d.DiscoveryClient                    : The response status is 200
2026-02-24 10:23:43.583  INFO 195745 --- [           main] c.n.d.DiscoveryClient                    : Starting heartbeat executor: renew interval is: 30
2026-02-24 10:23:43.584  INFO 195745 --- [           main] c.n.d.InstanceInfoReplicator             : InstanceInfoReplicator onDemand update allowed rate per min is 4
2026-02-24 10:23:43.586  INFO 195745 --- [           main] c.n.d.DiscoveryClient                    : Discovery Client initialized at timestamp 1771896223586 with initial instances count: 6
2026-02-24 10:23:43.588  INFO 195745 --- [           main] o.s.c.n.e.s.EurekaServiceRegistry        : Registering application EGOVCERTLOGIN with eureka with status UP
2026-02-24 10:23:43.588  INFO 195745 --- [           main] c.n.d.DiscoveryClient                    : Saw local status change event StatusChangeEvent [timestamp=1771896223588, current=UP, previous=STARTING]
2026-02-24 10:23:43.589  INFO 195745 --- [nfoReplicator-0] c.n.d.DiscoveryClient                    : DiscoveryClient_EGOVCERTLOGIN/10.255.255.254:EgovCertLogin:18031: registering service...
Feb 24, 2026 10:23:43 AM org.apache.coyote.AbstractProtocol start
INFO: Starting ProtocolHandler ["http-nio-18031"]
2026-02-24 10:23:43.591 DEBUG 195745 --- [nfoReplicator-0] o.s.w.c.RestTemplate                     : HTTP POST http://localhost:8761/eureka/apps/EGOVCERTLOGIN
2026-02-24 10:23:43.592 DEBUG 195745 --- [nfoReplicator-0] o.s.w.c.RestTemplate                     : Accept=[application/json, application/*+json]
2026-02-24 10:23:43.598 DEBUG 195745 --- [nfoReplicator-0] o.s.w.c.RestTemplate                     : Writing [InstanceInfo [instanceId = 10.255.255.254:EgovCertLogin:18031, appName = EGOVCERTLOGIN, hostName = 10.255.255.254, status = UP, ipAddr = 10.255.255.254, port = 18031, securePort = 443, dataCenterInfo = com.netflix.appinfo.MyDataCenterInfo@4698ae6] as "application/json"
2026-02-24 10:23:43.600  INFO 195745 --- [           main] o.s.b.w.e.t.TomcatWebServer              : Tomcat started on port(s): 18031 (http) with context path ''
2026-02-24 10:23:43.600  INFO 195745 --- [           main] .s.c.n.e.s.EurekaAutoServiceRegistration : Updating port to 18031
2026-02-24 10:23:43.608 DEBUG 195745 --- [nfoReplicator-0] o.s.w.c.RestTemplate                     : Response 204 NO_CONTENT
2026-02-24 10:23:43.608  INFO 195745 --- [nfoReplicator-0] c.n.d.DiscoveryClient                    : DiscoveryClient_EGOVCERTLOGIN/10.255.255.254:EgovCertLogin:18031 - registration status: 204
2026-02-24 10:23:43.621  INFO 195745 --- [           main] e.c.EgovCertLoginApplication             : Started EgovCertLoginApplication in 2.933 seconds (JVM running for 3.238)
2026-02-24 10:23:53.744 DEBUG 195745 --- [freshExecutor-0] o.s.w.c.RestTemplate                     : HTTP GET http://localhost:8761/eureka/apps/delta
2026-02-24 10:23:53.745 DEBUG 195745 --- [freshExecutor-0] o.s.w.c.RestTemplate                     : Accept=[application/json, application/*+json]
2026-02-24 10:23:53.749 DEBUG 195745 --- [freshExecutor-0] o.s.w.c.RestTemplate                     : Response 200 OK
2026-02-24 10:23:53.749 DEBUG 195745 --- [freshExecutor-0] o.s.w.c.RestTemplate                     : Reading to [org.springframework.cloud.netflix.eureka.http.EurekaApplications]
2026-02-24 10:23:53.096 DEBUG 195745 --- [freshExecutor-0] o.s.w.c.RestTemplate                     : HTTP GET http://localhost:8761/eureka/apps/delta
2026-02-24 10:23:53.096 DEBUG 195745 --- [freshExecutor-0] o.s.w.c.RestTemplate                     : Accept=[application/json, application/*+json]
2026-02-24 10:23:53.100 DEBUG 195745 --- [freshExecutor-0] o.s.w.c.RestTemplate                     : Response 200 OK
2026-02-24 10:23:53.100 DEBUG 195745 --- [freshExecutor-0] o.s.w.c.RestTemplate                     : Reading to [org.springframework.cloud.netflix.eureka.http.EurekaApplications]
2026-02-24 10:23:57.601 DEBUG 195745 --- [freshExecutor-0] o.s.w.c.RestTemplate                     : HTTP GET http://localhost:8761/eureka/apps/delta
2026-02-24 10:23:57.601 DEBUG 195745 --- [freshExecutor-0] o.s.w.c.RestTemplate                     : Accept=[application/json, application/*+json]
2026-02-24 10:23:57.605 DEBUG 195745 --- [freshExecutor-0] o.s.w.c.RestTemplate                     : Response 200 OK
2026-02-24 10:23:57.605 DEBUG 195745 --- [freshExecutor-0] o.s.w.c.RestTemplate                     : Reading to [org.springframework.cloud.netflix.eureka.http.EurekaApplications]
2026-02-24 10:24:02.118 DEBUG 195745 --- [freshExecutor-0] o.s.w.c.RestTemplate                     : HTTP GET http://localhost:8761/eureka/apps/delta
2026-02-24 10:24:02.119 DEBUG 195745 --- [freshExecutor-0] o.s.w.c.RestTemplate                     : Accept=[application/json, application/*+json]
2026-02-24 10:24:02.122 DEBUG 195745 --- [freshExecutor-0] o.s.w.c.RestTemplate                     : Response 200 OK
2026-02-24 10:24:02.122 DEBUG 195745 --- [freshExecutor-0] o.s.w.c.RestTemplate                     : Reading to [org.springframework.cloud.netflix.eureka.http.EurekaApplications]
2026-02-24 10:24:06.622 DEBUG 195745 --- [freshExecutor-0] o.s.w.c.RestTemplate                     : HTTP GET http://localhost:8761/eureka/apps/delta
2026-02-24 10:24:06.622 DEBUG 195745 --- [freshExecutor-0] o.s.w.c.RestTemplate                     : Accept=[application/json, application/*+json]
2026-02-24 10:24:06.625 DEBUG 195745 --- [freshExecutor-0] o.s.w.c.RestTemplate                     : Response 200 OK
2026-02-24 10:24:06.626 DEBUG 195745 --- [freshExecutor-0] o.s.w.c.RestTemplate                     : Reading to [org.springframework.cloud.netflix.eureka.http.EurekaApplications]
2026-02-24 10:24:11.080 DEBUG 195745 --- [tbeatExecutor-0] o.s.w.c.RestTemplate                     : HTTP PUT http://localhost:8761/eureka/apps/EGOVCERTLOGIN/10.255.255.254:EgovCertLogin:18031?status=UP&lastDirtyTimestamp=1771896223588
2026-02-24 10:24:11.086 DEBUG 195745 --- [tbeatExecutor-0] o.s.w.c.RestTemplate                     : Accept=[application/json, application/*+json]
2026-02-24 10:24:11.089 DEBUG 195745 --- [tbeatExecutor-0] o.s.w.c.RestTemplate                     : Response 200 OK
2026-02-24 10:24:11.118 DEBUG 195745 --- [freshExecutor-0] o.s.w.c.RestTemplate                     : HTTP GET http://localhost:8761/eureka/apps/delta
2026-02-24 10:24:11.119 DEBUG 195745 --- [freshExecutor-0] o.s.w.c.RestTemplate                     : Accept=[application/json, application/*+json]
2026-02-24 10:24:11.121 DEBUG 195745 --- [freshExecutor-0] o.s.w.c.RestTemplate                     : Response 200 OK
2026-02-24 10:24:11.121 DEBUG 195745 --- [freshExecutor-0] o.s.w.c.RestTemplate                     : Reading to [org.springframework.cloud.netflix.eureka.http.EurekaApplications]
2026-02-24 10:24:15.626 DEBUG 195745 --- [freshExecutor-0] o.s.w.c.RestTemplate                     : HTTP GET http://localhost:8761/eureka/apps/delta
2026-02-24 10:24:15.627 DEBUG 195745 --- [freshExecutor-0] o.s.w.c.RestTemplate                     : Accept=[application/json, application/*+json]
2026-02-24 10:24:15.630 DEBUG 195745 --- [freshExecutor-0] o.s.w.c.RestTemplate                     : Response 200 OK
2026-02-24 10:24:15.630 DEBUG 195745 --- [freshExecutor-0] o.s.w.c.RestTemplate                     : Reading to [org.springframework.cloud.netflix.eureka.http.EurekaApplications]
2026-02-24 10:24:20.140 DEBUG 195745 --- [freshExecutor-0] o.s.w.c.RestTemplate                     : HTTP GET http://localhost:8761/eureka/apps/delta
2026-02-24 10:24:20.141 DEBUG 195745 --- [freshExecutor-0] o.s.w.c.RestTemplate                     : Accept=[application/json, application/*+json]
2026-02-24 10:24:20.144 DEBUG 195745 --- [freshExecutor-0] o.s.w.c.RestTemplate                     : Response 200 OK
2026-02-24 10:24:20.145 DEBUG 195745 --- [freshExecutor-0] o.s.w.c.RestTemplate                     : Reading to [org.springframework.cloud.netflix.eureka.http.EurekaApplications]
2026-02-24 10:24:24.640 DEBUG 195745 --- [freshExecutor-0] o.s.w.c.RestTemplate                     : HTTP GET http://localhost:8761/eureka/apps/delta
2026-02-24 10:24:24.641 DEBUG 195745 --- [freshExecutor-0] o.s.w.c.RestTemplate                     : Accept=[application/json, application/*+json]
2026-02-24 10:24:24.644 DEBUG 195745 --- [freshExecutor-0] o.s.w.c.RestTemplate                     : Response 200 OK
2026-02-24 10:24:24.644 DEBUG 195745 --- [freshExecutor-0] o.s.w.c.RestTemplate                     : Reading to [org.springframework.cloud.netflix.eureka.http.EurekaApplications]
2026-02-24 10:24:29.142 DEBUG 195745 --- [freshExecutor-0] o.s.w.c.RestTemplate                     : HTTP GET http://localhost:8761/eureka/apps/delta
2026-02-24 10:24:29.142 DEBUG 195745 --- [freshExecutor-0] o.s.w.c.RestTemplate                     : Accept=[application/json, application/*+json]
2026-02-24 10:24:29.147 DEBUG 195745 --- [freshExecutor-0] o.s.w.c.RestTemplate                     : Response 200 OK
2026-02-24 10:24:29.147 DEBUG 195745 --- [freshExecutor-0] o.s.w.c.RestTemplate                     : Reading to [org.springframework.cloud.netflix.eureka.http.EurekaApplications]
2026-02-24 10:24:33.667 DEBUG 195745 --- [freshExecutor-0] o.s.w.c.RestTemplate                     : HTTP GET http://localhost:8761/eureka/apps/delta
2026-02-24 10:24:33.668 DEBUG 195745 --- [freshExecutor-0] o.s.w.c.RestTemplate                     : Accept=[application/json, application/*+json]
2026-02-24 10:24:33.672 DEBUG 195745 --- [freshExecutor-0] o.s.w.c.RestTemplate                     : Response 200 OK
2026-02-24 10:24:33.673 DEBUG 195745 --- [freshExecutor-0] o.s.w.c.RestTemplate                     : Reading to [org.springframework.cloud.netflix.eureka.http.EurekaApplications]
2026-02-24 10:24:43.747 DEBUG 195745 --- [tbeatExecutor-0] o.s.w.c.RestTemplate                     : HTTP PUT http://localhost:8761/eureka/apps/EGOVCERTLOGIN/10.255.255.254:EgovCertLogin:18031?status=UP&lastDirtyTimestamp=1771896223588
2026-02-24 10:24:43.747 DEBUG 195745 --- [tbeatExecutor-0] o.s.w.c.RestTemplate                     : Accept=[application/json, application/*+json]
2026-02-24 10:24:43.750 DEBUG 195745 --- [tbeatExecutor-0] o.s.w.c.RestTemplate                     : Response 200 OK
2026-02-24 10:24:43.818 DEBUG 195745 --- [freshExecutor-0] o.s.w.c.RestTemplate                     : HTTP GET http://localhost:8761/eureka/apps/delta
2026-02-24 10:24:43.818 DEBUG 195745 --- [freshExecutor-0] o.s.w.c.RestTemplate                     : Accept=[application/json, application/*+json]
2026-02-24 10:24:43.821 DEBUG 195745 --- [freshExecutor-0] o.s.w.c.RestTemplate                     : Response 200 OK
2026-02-24 10:24:43.821 DEBUG 195745 --- [freshExecutor-0] o.s.w.c.RestTemplate                     : Reading to [org.springframework.cloud.netflix.eureka.http.EurekaApplications]
2026-02-24 10:24:43.122 DEBUG 195745 --- [freshExecutor-0] o.s.w.c.RestTemplate                     : HTTP GET http://localhost:8761/eureka/apps/delta
2026-02-24 10:24:43.122 DEBUG 195745 --- [freshExecutor-0] o.s.w.c.RestTemplate                     : Accept=[application/json, application/*+json]
2026-02-24 10:24:43.124 DEBUG 195745 --- [freshExecutor-0] o.s.w.c.RestTemplate                     : Response 200 OK
2026-02-24 10:24:43.124 DEBUG 195745 --- [freshExecutor-0] o.s.w.c.RestTemplate                     : Reading to [org.springframework.cloud.netflix.eureka.http.EurekaApplications]
2026-02-24 10:24:47.673 DEBUG 195745 --- [freshExecutor-0] o.s.w.c.RestTemplate                     : HTTP GET http://localhost:8761/eureka/apps/delta
2026-02-24 10:24:47.674 DEBUG 195745 --- [freshExecutor-0] o.s.w.c.RestTemplate                     : Accept=[application/json, application/*+json]
2026-02-24 10:24:47.677 DEBUG 195745 --- [freshExecutor-0] o.s.w.c.RestTemplate                     : Response 200 OK
2026-02-24 10:24:47.677 DEBUG 195745 --- [freshExecutor-0] o.s.w.c.RestTemplate                     : Reading to [org.springframework.cloud.netflix.eureka.http.EurekaApplications]
2026-02-24 10:24:52.177 DEBUG 195745 --- [freshExecutor-0] o.s.w.c.RestTemplate                     : HTTP GET http://localhost:8761/eureka/apps/delta
2026-02-24 10:24:52.178 DEBUG 195745 --- [freshExecutor-0] o.s.w.c.RestTemplate                     : Accept=[application/json, application/*+json]
2026-02-24 10:24:52.181 DEBUG 195745 --- [freshExecutor-0] o.s.w.c.RestTemplate                     : Response 200 OK
2026-02-24 10:24:52.181 DEBUG 195745 --- [freshExecutor-0] o.s.w.c.RestTemplate                     : Reading to [org.springframework.cloud.netflix.eureka.http.EurekaApplications]
2026-02-24 10:24:56.699 DEBUG 195745 --- [freshExecutor-0] o.s.w.c.RestTemplate                     : HTTP GET http://localhost:8761/eureka/apps/delta
2026-02-24 10:24:56.700 DEBUG 195745 --- [freshExecutor-0] o.s.w.c.RestTemplate                     : Accept=[application/json, application/*+json]
2026-02-24 10:24:56.702 DEBUG 195745 --- [freshExecutor-0] o.s.w.c.RestTemplate                     : Response 200 OK
2026-02-24 10:24:56.703 DEBUG 195745 --- [freshExecutor-0] o.s.w.c.RestTemplate                     : Reading to [org.springframework.cloud.netflix.eureka.http.EurekaApplications]
2026-02-24 10:25:01.186 DEBUG 195745 --- [freshExecutor-0] o.s.w.c.RestTemplate                     : HTTP GET http://localhost:8761/eureka/apps/delta
2026-02-24 10:25:01.186 DEBUG 195745 --- [freshExecutor-0] o.s.w.c.RestTemplate                     : Accept=[application/json, application/*+json]
2026-02-24 10:25:01.190 DEBUG 195745 --- [freshExecutor-0] o.s.w.c.RestTemplate                     : Response 200 OK
2026-02-24 10:25:01.190 DEBUG 195745 --- [freshExecutor-0] o.s.w.c.RestTemplate                     : Reading to [org.springframework.cloud.netflix.eureka.http.EurekaApplications]
2026-02-24 10:25:05.610 DEBUG 195745 --- [tbeatExecutor-0] o.s.w.c.RestTemplate                     : HTTP PUT http://localhost:8761/eureka/apps/EGOVCERTLOGIN/10.255.255.254:EgovCertLogin:18031?status=UP&lastDirtyTimestamp=1771896223588
2026-02-24 10:25:05.611 DEBUG 195745 --- [tbeatExecutor-0] o.s.w.c.RestTemplate                     : Accept=[application/json, application/*+json]
2026-02-24 10:25:05.614 DEBUG 195745 --- [tbeatExecutor-0] o.s.w.c.RestTemplate                     : Response 200 OK
2026-02-24 10:25:05.714 DEBUG 195745 --- [freshExecutor-0] o.s.w.c.RestTemplate                     : HTTP GET http://localhost:8761/eureka/apps/delta
2026-02-24 10:25:05.714 DEBUG 195745 --- [freshExecutor-0] o.s.w.c.RestTemplate                     : Accept=[application/json, application/*+json]
2026-02-24 10:25:05.717 DEBUG 195745 --- [freshExecutor-0] o.s.w.c.RestTemplate                     : Response 200 OK
2026-02-24 10:25:05.717 DEBUG 195745 --- [freshExecutor-0] o.s.w.c.RestTemplate                     : Reading to [org.springframework.cloud.netflix.eureka.http.EurekaApplications]
2026-02-24 10:25:10.206 DEBUG 195745 --- [freshExecutor-0] o.s.w.c.RestTemplate                     : HTTP GET http://localhost:8761/eureka/apps/delta
2026-02-24 10:25:10.207 DEBUG 195745 --- [freshExecutor-0] o.s.w.c.RestTemplate                     : Accept=[application/json, application/*+json]
2026-02-24 10:25:10.210 DEBUG 195745 --- [freshExecutor-0] o.s.w.c.RestTemplate                     : Response 200 OK
2026-02-24 10:25:10.210 DEBUG 195745 --- [freshExecutor-0] o.s.w.c.RestTemplate                     : Reading to [org.springframework.cloud.netflix.eureka.http.EurekaApplications]
2026-02-24 10:25:14.712 DEBUG 195745 --- [freshExecutor-0] o.s.w.c.RestTemplate                     : HTTP GET http://localhost:8761/eureka/apps/delta
2026-02-24 10:25:14.713 DEBUG 195745 --- [freshExecutor-0] o.s.w.c.RestTemplate                     : Accept=[application/json, application/*+json]
2026-02-24 10:25:14.716 DEBUG 195745 --- [freshExecutor-0] o.s.w.c.RestTemplate                     : Response 200 OK
2026-02-24 10:25:14.716 DEBUG 195745 --- [freshExecutor-0] o.s.w.c.RestTemplate                     : Reading to [org.springframework.cloud.netflix.eureka.http.EurekaApplications]
2026-02-24 10:25:19.209 DEBUG 195745 --- [freshExecutor-0] o.s.w.c.RestTemplate                     : HTTP GET http://localhost:8761/eureka/apps/delta
2026-02-24 10:25:19.209 DEBUG 195745 --- [freshExecutor-0] o.s.w.c.RestTemplate                     : Accept=[application/json, application/*+json]
2026-02-24 10:25:19.212 DEBUG 195745 --- [freshExecutor-0] o.s.w.c.RestTemplate                     : Response 200 OK
2026-02-24 10:25:19.212 DEBUG 195745 --- [freshExecutor-0] o.s.w.c.RestTemplate                     : Reading to [org.springframework.cloud.netflix.eureka.http.EurekaApplications]
2026-02-24 10:25:23.729 DEBUG 195745 --- [freshExecutor-0] o.s.w.c.RestTemplate                     : HTTP GET http://localhost:8761/eureka/apps/delta
2026-02-24 10:25:23.730 DEBUG 195745 --- [freshExecutor-0] o.s.w.c.RestTemplate                     : Accept=[application/json, application/*+json]
2026-02-24 10:25:23.732 DEBUG 195745 --- [freshExecutor-0] o.s.w.c.RestTemplate                     : Response 200 OK
2026-02-24 10:25:23.732 DEBUG 195745 --- [freshExecutor-0] o.s.w.c.RestTemplate                     : Reading to [org.springframework.cloud.netflix.eureka.http.EurekaApplications]
2026-02-24 10:25:33.875 DEBUG 195745 --- [freshExecutor-0] o.s.w.c.RestTemplate                     : HTTP GET http://localhost:8761/eureka/apps/delta
2026-02-24 10:25:33.875 DEBUG 195745 --- [freshExecutor-0] o.s.w.c.RestTemplate                     : Accept=[application/json, application/*+json]
2026-02-24 10:25:33.878 DEBUG 195745 --- [freshExecutor-0] o.s.w.c.RestTemplate                     : Response 200 OK
2026-02-24 10:25:33.878 DEBUG 195745 --- [freshExecutor-0] o.s.w.c.RestTemplate                     : Reading to [org.springframework.cloud.netflix.eureka.http.EurekaApplications]
2026-02-24 10:25:33.086 DEBUG 195745 --- [tbeatExecutor-0] o.s.w.c.RestTemplate                     : HTTP PUT http://localhost:8761/eureka/apps/EGOVCERTLOGIN/10.255.255.254:EgovCertLogin:18031?status=UP&lastDirtyTimestamp=1771896223588
2026-02-24 10:25:33.086 DEBUG 195745 --- [tbeatExecutor-0] o.s.w.c.RestTemplate                     : Accept=[application/json, application/*+json]
2026-02-24 10:25:33.089 DEBUG 195745 --- [tbeatExecutor-0] o.s.w.c.RestTemplate                     : Response 200 OK
2026-02-24 10:25:33.215 DEBUG 195745 --- [freshExecutor-0] o.s.w.c.RestTemplate                     : HTTP GET http://localhost:8761/eureka/apps/delta
2026-02-24 10:25:33.215 DEBUG 195745 --- [freshExecutor-0] o.s.w.c.RestTemplate                     : Accept=[application/json, application/*+json]
2026-02-24 10:25:33.216 DEBUG 195745 --- [freshExecutor-0] o.s.w.c.RestTemplate                     : Response 200 OK
2026-02-24 10:25:33.217 DEBUG 195745 --- [freshExecutor-0] o.s.w.c.RestTemplate                     : Reading to [org.springframework.cloud.netflix.eureka.http.EurekaApplications]
2026-02-24 10:25:37.740 DEBUG 195745 --- [freshExecutor-0] o.s.w.c.RestTemplate                     : HTTP GET http://localhost:8761/eureka/apps/delta
2026-02-24 10:25:37.740 DEBUG 195745 --- [freshExecutor-0] o.s.w.c.RestTemplate                     : Accept=[application/json, application/*+json]
2026-02-24 10:25:37.744 DEBUG 195745 --- [freshExecutor-0] o.s.w.c.RestTemplate                     : Response 200 OK
2026-02-24 10:25:37.744 DEBUG 195745 --- [freshExecutor-0] o.s.w.c.RestTemplate                     : Reading to [org.springframework.cloud.netflix.eureka.http.EurekaApplications]
2026-02-24 10:25:42.253 DEBUG 195745 --- [freshExecutor-0] o.s.w.c.RestTemplate                     : HTTP GET http://localhost:8761/eureka/apps/delta
2026-02-24 10:25:42.253 DEBUG 195745 --- [freshExecutor-0] o.s.w.c.RestTemplate                     : Accept=[application/json, application/*+json]
2026-02-24 10:25:42.256 DEBUG 195745 --- [freshExecutor-0] o.s.w.c.RestTemplate                     : Response 200 OK
2026-02-24 10:25:42.256 DEBUG 195745 --- [freshExecutor-0] o.s.w.c.RestTemplate                     : Reading to [org.springframework.cloud.netflix.eureka.http.EurekaApplications]
2026-02-24 10:25:46.743 DEBUG 195745 --- [freshExecutor-0] o.s.w.c.RestTemplate                     : HTTP GET http://localhost:8761/eureka/apps/delta
2026-02-24 10:25:46.743 DEBUG 195745 --- [freshExecutor-0] o.s.w.c.RestTemplate                     : Accept=[application/json, application/*+json]
2026-02-24 10:25:46.745 DEBUG 195745 --- [freshExecutor-0] o.s.w.c.RestTemplate                     : Response 200 OK
2026-02-24 10:25:46.746 DEBUG 195745 --- [freshExecutor-0] o.s.w.c.RestTemplate                     : Reading to [org.springframework.cloud.netflix.eureka.http.EurekaApplications]
2026-02-24 10:25:51.264 DEBUG 195745 --- [freshExecutor-0] o.s.w.c.RestTemplate                     : HTTP GET http://localhost:8761/eureka/apps/delta
2026-02-24 10:25:51.264 DEBUG 195745 --- [freshExecutor-0] o.s.w.c.RestTemplate                     : Accept=[application/json, application/*+json]
2026-02-24 10:25:51.267 DEBUG 195745 --- [freshExecutor-0] o.s.w.c.RestTemplate                     : Response 200 OK
2026-02-24 10:25:51.267 DEBUG 195745 --- [freshExecutor-0] o.s.w.c.RestTemplate                     : Reading to [org.springframework.cloud.netflix.eureka.http.EurekaApplications]
2026-02-24 10:25:55.750 DEBUG 195745 --- [freshExecutor-0] o.s.w.c.RestTemplate                     : HTTP GET http://localhost:8761/eureka/apps/delta
2026-02-24 10:25:55.750 DEBUG 195745 --- [freshExecutor-0] o.s.w.c.RestTemplate                     : Accept=[application/json, application/*+json]
2026-02-24 10:25:55.753 DEBUG 195745 --- [freshExecutor-0] o.s.w.c.RestTemplate                     : Response 200 OK
2026-02-24 10:25:55.753 DEBUG 195745 --- [freshExecutor-0] o.s.w.c.RestTemplate                     : Reading to [org.springframework.cloud.netflix.eureka.http.EurekaApplications]
2026-02-24 10:26:00.096 DEBUG 195745 --- [tbeatExecutor-0] o.s.w.c.RestTemplate                     : HTTP PUT http://localhost:8761/eureka/apps/EGOVCERTLOGIN/10.255.255.254:EgovCertLogin:18031?status=UP&lastDirtyTimestamp=1771896223588
2026-02-24 10:26:00.096 DEBUG 195745 --- [tbeatExecutor-0] o.s.w.c.RestTemplate                     : Accept=[application/json, application/*+json]
2026-02-24 10:26:00.099 DEBUG 195745 --- [tbeatExecutor-0] o.s.w.c.RestTemplate                     : Response 200 OK
2026-02-24 10:26:00.261 DEBUG 195745 --- [freshExecutor-0] o.s.w.c.RestTemplate                     : HTTP GET http://localhost:8761/eureka/apps/delta
2026-02-24 10:26:00.261 DEBUG 195745 --- [freshExecutor-0] o.s.w.c.RestTemplate                     : Accept=[application/json, application/*+json]
2026-02-24 10:26:00.264 DEBUG 195745 --- [freshExecutor-0] o.s.w.c.RestTemplate                     : Response 200 OK
2026-02-24 10:26:00.264 DEBUG 195745 --- [freshExecutor-0] o.s.w.c.RestTemplate                     : Reading to [org.springframework.cloud.netflix.eureka.http.EurekaApplications]
2026-02-24 10:26:04.774 DEBUG 195745 --- [freshExecutor-0] o.s.w.c.RestTemplate                     : HTTP GET http://localhost:8761/eureka/apps/delta
2026-02-24 10:26:04.774 DEBUG 195745 --- [freshExecutor-0] o.s.w.c.RestTemplate                     : Accept=[application/json, application/*+json]
2026-02-24 10:26:04.779 DEBUG 195745 --- [freshExecutor-0] o.s.w.c.RestTemplate                     : Response 200 OK
2026-02-24 10:26:04.779 DEBUG 195745 --- [freshExecutor-0] o.s.w.c.RestTemplate                     : Reading to [org.springframework.cloud.netflix.eureka.http.EurekaApplications]
2026-02-24 10:26:09.276 DEBUG 195745 --- [freshExecutor-0] o.s.w.c.RestTemplate                     : HTTP GET http://localhost:8761/eureka/apps/delta
2026-02-24 10:26:09.276 DEBUG 195745 --- [freshExecutor-0] o.s.w.c.RestTemplate                     : Accept=[application/json, application/*+json]
2026-02-24 10:26:09.279 DEBUG 195745 --- [freshExecutor-0] o.s.w.c.RestTemplate                     : Response 200 OK
2026-02-24 10:26:09.279 DEBUG 195745 --- [freshExecutor-0] o.s.w.c.RestTemplate                     : Reading to [org.springframework.cloud.netflix.eureka.http.EurekaApplications]
2026-02-24 10:26:13.776 DEBUG 195745 --- [freshExecutor-0] o.s.w.c.RestTemplate                     : HTTP GET http://localhost:8761/eureka/apps/delta
2026-02-24 10:26:13.776 DEBUG 195745 --- [freshExecutor-0] o.s.w.c.RestTemplate                     : Accept=[application/json, application/*+json]
2026-02-24 10:26:13.779 DEBUG 195745 --- [freshExecutor-0] o.s.w.c.RestTemplate                     : Response 200 OK
2026-02-24 10:26:13.779 DEBUG 195745 --- [freshExecutor-0] o.s.w.c.RestTemplate                     : Reading to [org.springframework.cloud.netflix.eureka.http.EurekaApplications]
2026-02-24 10:26:23.938 DEBUG 195745 --- [freshExecutor-0] o.s.w.c.RestTemplate                     : HTTP GET http://localhost:8761/eureka/apps/delta
2026-02-24 10:26:23.938 DEBUG 195745 --- [freshExecutor-0] o.s.w.c.RestTemplate                     : Accept=[application/json, application/*+json]
2026-02-24 10:26:23.941 DEBUG 195745 --- [freshExecutor-0] o.s.w.c.RestTemplate                     : Response 200 OK
2026-02-24 10:26:23.941 DEBUG 195745 --- [freshExecutor-0] o.s.w.c.RestTemplate                     : Reading to [org.springframework.cloud.netflix.eureka.http.EurekaApplications]
2026-02-24 10:26:23.293 DEBUG 195745 --- [freshExecutor-0] o.s.w.c.RestTemplate                     : HTTP GET http://localhost:8761/eureka/apps/delta
2026-02-24 10:26:23.294 DEBUG 195745 --- [freshExecutor-0] o.s.w.c.RestTemplate                     : Accept=[application/json, application/*+json]
2026-02-24 10:26:23.296 DEBUG 195745 --- [freshExecutor-0] o.s.w.c.RestTemplate                     : Response 200 OK
2026-02-24 10:26:23.296 DEBUG 195745 --- [freshExecutor-0] o.s.w.c.RestTemplate                     : Reading to [org.springframework.cloud.netflix.eureka.http.EurekaApplications]
2026-02-24 10:26:27.616 DEBUG 195745 --- [tbeatExecutor-0] o.s.w.c.RestTemplate                     : HTTP PUT http://localhost:8761/eureka/apps/EGOVCERTLOGIN/10.255.255.254:EgovCertLogin:18031?status=UP&lastDirtyTimestamp=1771896223588
2026-02-24 10:26:27.616 DEBUG 195745 --- [tbeatExecutor-0] o.s.w.c.RestTemplate                     : Accept=[application/json, application/*+json]
2026-02-24 10:26:27.619 DEBUG 195745 --- [tbeatExecutor-0] o.s.w.c.RestTemplate                     : Response 200 OK
2026-02-24 10:26:27.819 DEBUG 195745 --- [freshExecutor-0] o.s.w.c.RestTemplate                     : HTTP GET http://localhost:8761/eureka/apps/delta
2026-02-24 10:26:27.819 DEBUG 195745 --- [freshExecutor-0] o.s.w.c.RestTemplate                     : Accept=[application/json, application/*+json]
2026-02-24 10:26:27.822 DEBUG 195745 --- [freshExecutor-0] o.s.w.c.RestTemplate                     : Response 200 OK
2026-02-24 10:26:27.822 DEBUG 195745 --- [freshExecutor-0] o.s.w.c.RestTemplate                     : Reading to [org.springframework.cloud.netflix.eureka.http.EurekaApplications]
2026-02-24 10:26:32.303 DEBUG 195745 --- [freshExecutor-0] o.s.w.c.RestTemplate                     : HTTP GET http://localhost:8761/eureka/apps/delta
2026-02-24 10:26:32.303 DEBUG 195745 --- [freshExecutor-0] o.s.w.c.RestTemplate                     : Accept=[application/json, application/*+json]
2026-02-24 10:26:32.308 DEBUG 195745 --- [freshExecutor-0] o.s.w.c.RestTemplate                     : Response 200 OK
2026-02-24 10:26:32.308 DEBUG 195745 --- [freshExecutor-0] o.s.w.c.RestTemplate                     : Reading to [org.springframework.cloud.netflix.eureka.http.EurekaApplications]
2026-02-24 10:26:36.816 DEBUG 195745 --- [freshExecutor-0] o.s.w.c.RestTemplate                     : HTTP GET http://localhost:8761/eureka/apps/delta
2026-02-24 10:26:36.816 DEBUG 195745 --- [freshExecutor-0] o.s.w.c.RestTemplate                     : Accept=[application/json, application/*+json]
2026-02-24 10:26:36.821 DEBUG 195745 --- [freshExecutor-0] o.s.w.c.RestTemplate                     : Response 200 OK
2026-02-24 10:26:36.821 DEBUG 195745 --- [freshExecutor-0] o.s.w.c.RestTemplate                     : Reading to [org.springframework.cloud.netflix.eureka.http.EurekaApplications]
2026-02-24 10:26:41.319 DEBUG 195745 --- [freshExecutor-0] o.s.w.c.RestTemplate                     : HTTP GET http://localhost:8761/eureka/apps/delta
2026-02-24 10:26:41.319 DEBUG 195745 --- [freshExecutor-0] o.s.w.c.RestTemplate                     : Accept=[application/json, application/*+json]
2026-02-24 10:26:41.322 DEBUG 195745 --- [freshExecutor-0] o.s.w.c.RestTemplate                     : Response 200 OK
2026-02-24 10:26:41.322 DEBUG 195745 --- [freshExecutor-0] o.s.w.c.RestTemplate                     : Reading to [org.springframework.cloud.netflix.eureka.http.EurekaApplications]
2026-02-24 10:26:45.821 DEBUG 195745 --- [freshExecutor-0] o.s.w.c.RestTemplate                     : HTTP GET http://localhost:8761/eureka/apps/delta
2026-02-24 10:26:45.821 DEBUG 195745 --- [freshExecutor-0] o.s.w.c.RestTemplate                     : Accept=[application/json, application/*+json]
2026-02-24 10:26:45.824 DEBUG 195745 --- [freshExecutor-0] o.s.w.c.RestTemplate                     : Response 200 OK
2026-02-24 10:26:45.824 DEBUG 195745 --- [freshExecutor-0] o.s.w.c.RestTemplate                     : Reading to [org.springframework.cloud.netflix.eureka.http.EurekaApplications]
2026-02-24 10:26:50.326 DEBUG 195745 --- [freshExecutor-0] o.s.w.c.RestTemplate                     : HTTP GET http://localhost:8761/eureka/apps/delta
2026-02-24 10:26:50.327 DEBUG 195745 --- [freshExecutor-0] o.s.w.c.RestTemplate                     : Accept=[application/json, application/*+json]
2026-02-24 10:26:50.330 DEBUG 195745 --- [freshExecutor-0] o.s.w.c.RestTemplate                     : Response 200 OK
2026-02-24 10:26:50.330 DEBUG 195745 --- [freshExecutor-0] o.s.w.c.RestTemplate                     : Reading to [org.springframework.cloud.netflix.eureka.http.EurekaApplications]
2026-02-24 10:26:54.599 DEBUG 195745 --- [tbeatExecutor-0] o.s.w.c.RestTemplate                     : HTTP PUT http://localhost:8761/eureka/apps/EGOVCERTLOGIN/10.255.255.254:EgovCertLogin:18031?status=UP&lastDirtyTimestamp=1771896223588
2026-02-24 10:26:54.599 DEBUG 195745 --- [tbeatExecutor-0] o.s.w.c.RestTemplate                     : Accept=[application/json, application/*+json]
2026-02-24 10:26:54.603 DEBUG 195745 --- [tbeatExecutor-0] o.s.w.c.RestTemplate                     : Response 200 OK
2026-02-24 10:26:54.835 DEBUG 195745 --- [freshExecutor-0] o.s.w.c.RestTemplate                     : HTTP GET http://localhost:8761/eureka/apps/delta
2026-02-24 10:26:54.835 DEBUG 195745 --- [freshExecutor-0] o.s.w.c.RestTemplate                     : Accept=[application/json, application/*+json]
2026-02-24 10:26:54.838 DEBUG 195745 --- [freshExecutor-0] o.s.w.c.RestTemplate                     : Response 200 OK
2026-02-24 10:26:54.838 DEBUG 195745 --- [freshExecutor-0] o.s.w.c.RestTemplate                     : Reading to [org.springframework.cloud.netflix.eureka.http.EurekaApplications]
2026-02-24 10:26:59.335 DEBUG 195745 --- [freshExecutor-0] o.s.w.c.RestTemplate                     : HTTP GET http://localhost:8761/eureka/apps/delta
2026-02-24 10:26:59.336 DEBUG 195745 --- [freshExecutor-0] o.s.w.c.RestTemplate                     : Accept=[application/json, application/*+json]
2026-02-24 10:26:59.339 DEBUG 195745 --- [freshExecutor-0] o.s.w.c.RestTemplate                     : Response 200 OK
2026-02-24 10:26:59.339 DEBUG 195745 --- [freshExecutor-0] o.s.w.c.RestTemplate                     : Reading to [org.springframework.cloud.netflix.eureka.http.EurekaApplications]
2026-02-24 10:27:03.840 DEBUG 195745 --- [freshExecutor-0] o.s.w.c.RestTemplate                     : HTTP GET http://localhost:8761/eureka/apps/delta
2026-02-24 10:27:03.840 DEBUG 195745 --- [freshExecutor-0] o.s.w.c.RestTemplate                     : Accept=[application/json, application/*+json]
2026-02-24 10:27:03.843 DEBUG 195745 --- [freshExecutor-0] o.s.w.c.RestTemplate                     : Response 200 OK
2026-02-24 10:27:03.843 DEBUG 195745 --- [freshExecutor-0] o.s.w.c.RestTemplate                     : Reading to [org.springframework.cloud.netflix.eureka.http.EurekaApplications]
2026-02-24 10:27:14.003 DEBUG 195745 --- [freshExecutor-0] o.s.w.c.RestTemplate                     : HTTP GET http://localhost:8761/eureka/apps/delta
2026-02-24 10:27:14.003 DEBUG 195745 --- [freshExecutor-0] o.s.w.c.RestTemplate                     : Accept=[application/json, application/*+json]
2026-02-24 10:27:14.005 DEBUG 195745 --- [freshExecutor-0] o.s.w.c.RestTemplate                     : Response 200 OK
2026-02-24 10:27:14.006 DEBUG 195745 --- [freshExecutor-0] o.s.w.c.RestTemplate                     : Reading to [org.springframework.cloud.netflix.eureka.http.EurekaApplications]
2026-02-24 10:27:13.353 DEBUG 195745 --- [freshExecutor-0] o.s.w.c.RestTemplate                     : HTTP GET http://localhost:8761/eureka/apps/delta
2026-02-24 10:27:13.353 DEBUG 195745 --- [freshExecutor-0] o.s.w.c.RestTemplate                     : Accept=[application/json, application/*+json]
2026-02-24 10:27:13.355 DEBUG 195745 --- [freshExecutor-0] o.s.w.c.RestTemplate                     : Response 200 OK
2026-02-24 10:27:13.355 DEBUG 195745 --- [freshExecutor-0] o.s.w.c.RestTemplate                     : Reading to [org.springframework.cloud.netflix.eureka.http.EurekaApplications]
2026-02-24 10:27:17.866 DEBUG 195745 --- [freshExecutor-0] o.s.w.c.RestTemplate                     : HTTP GET http://localhost:8761/eureka/apps/delta
2026-02-24 10:27:17.866 DEBUG 195745 --- [freshExecutor-0] o.s.w.c.RestTemplate                     : Accept=[application/json, application/*+json]
2026-02-24 10:27:17.870 DEBUG 195745 --- [freshExecutor-0] o.s.w.c.RestTemplate                     : Response 200 OK
2026-02-24 10:27:17.870 DEBUG 195745 --- [freshExecutor-0] o.s.w.c.RestTemplate                     : Reading to [org.springframework.cloud.netflix.eureka.http.EurekaApplications]
2026-02-24 10:27:22.093 DEBUG 195745 --- [tbeatExecutor-0] o.s.w.c.RestTemplate                     : HTTP PUT http://localhost:8761/eureka/apps/EGOVCERTLOGIN/10.255.255.254:EgovCertLogin:18031?status=UP&lastDirtyTimestamp=1771896223588
2026-02-24 10:27:22.093 DEBUG 195745 --- [tbeatExecutor-0] o.s.w.c.RestTemplate                     : Accept=[application/json, application/*+json]
2026-02-24 10:27:22.096 DEBUG 195745 --- [tbeatExecutor-0] o.s.w.c.RestTemplate                     : Response 200 OK
2026-02-24 10:27:22.357 DEBUG 195745 --- [freshExecutor-0] o.s.w.c.RestTemplate                     : HTTP GET http://localhost:8761/eureka/apps/delta
2026-02-24 10:27:22.358 DEBUG 195745 --- [freshExecutor-0] o.s.w.c.RestTemplate                     : Accept=[application/json, application/*+json]
2026-02-24 10:27:22.361 DEBUG 195745 --- [freshExecutor-0] o.s.w.c.RestTemplate                     : Response 200 OK
2026-02-24 10:27:22.361 DEBUG 195745 --- [freshExecutor-0] o.s.w.c.RestTemplate                     : Reading to [org.springframework.cloud.netflix.eureka.http.EurekaApplications]
2026-02-24 10:27:26.868 DEBUG 195745 --- [freshExecutor-0] o.s.w.c.RestTemplate                     : HTTP GET http://localhost:8761/eureka/apps/delta
2026-02-24 10:27:26.869 DEBUG 195745 --- [freshExecutor-0] o.s.w.c.RestTemplate                     : Accept=[application/json, application/*+json]
2026-02-24 10:27:26.872 DEBUG 195745 --- [freshExecutor-0] o.s.w.c.RestTemplate                     : Response 200 OK
2026-02-24 10:27:26.872 DEBUG 195745 --- [freshExecutor-0] o.s.w.c.RestTemplate                     : Reading to [org.springframework.cloud.netflix.eureka.http.EurekaApplications]
2026-02-24 10:27:31.370 DEBUG 195745 --- [freshExecutor-0] o.s.w.c.RestTemplate                     : HTTP GET http://localhost:8761/eureka/apps/delta
2026-02-24 10:27:31.371 DEBUG 195745 --- [freshExecutor-0] o.s.w.c.RestTemplate                     : Accept=[application/json, application/*+json]
2026-02-24 10:27:31.374 DEBUG 195745 --- [freshExecutor-0] o.s.w.c.RestTemplate                     : Response 200 OK
2026-02-24 10:27:31.374 DEBUG 195745 --- [freshExecutor-0] o.s.w.c.RestTemplate                     : Reading to [org.springframework.cloud.netflix.eureka.http.EurekaApplications]
2026-02-24 10:27:35.900 DEBUG 195745 --- [freshExecutor-0] o.s.w.c.RestTemplate                     : HTTP GET http://localhost:8761/eureka/apps/delta
2026-02-24 10:27:35.901 DEBUG 195745 --- [freshExecutor-0] o.s.w.c.RestTemplate                     : Accept=[application/json, application/*+json]
2026-02-24 10:27:35.905 DEBUG 195745 --- [freshExecutor-0] o.s.w.c.RestTemplate                     : Response 200 OK
2026-02-24 10:27:35.905 DEBUG 195745 --- [freshExecutor-0] o.s.w.c.RestTemplate                     : Reading to [org.springframework.cloud.netflix.eureka.http.EurekaApplications]
2026-02-24 10:27:40.399 DEBUG 195745 --- [freshExecutor-0] o.s.w.c.RestTemplate                     : HTTP GET http://localhost:8761/eureka/apps/delta
2026-02-24 10:27:40.399 DEBUG 195745 --- [freshExecutor-0] o.s.w.c.RestTemplate                     : Accept=[application/json, application/*+json]
2026-02-24 10:27:40.402 DEBUG 195745 --- [freshExecutor-0] o.s.w.c.RestTemplate                     : Response 200 OK
2026-02-24 10:27:40.403 DEBUG 195745 --- [freshExecutor-0] o.s.w.c.RestTemplate                     : Reading to [org.springframework.cloud.netflix.eureka.http.EurekaApplications]
2026-02-24 10:27:44.892 DEBUG 195745 --- [freshExecutor-0] o.s.w.c.RestTemplate                     : HTTP GET http://localhost:8761/eureka/apps/delta
2026-02-24 10:27:44.892 DEBUG 195745 --- [freshExecutor-0] o.s.w.c.RestTemplate                     : Accept=[application/json, application/*+json]
2026-02-24 10:27:44.895 DEBUG 195745 --- [freshExecutor-0] o.s.w.c.RestTemplate                     : Response 200 OK
2026-02-24 10:27:44.895 DEBUG 195745 --- [freshExecutor-0] o.s.w.c.RestTemplate                     : Reading to [org.springframework.cloud.netflix.eureka.http.EurekaApplications]
2026-02-24 10:27:49.097 DEBUG 195745 --- [tbeatExecutor-0] o.s.w.c.RestTemplate                     : HTTP PUT http://localhost:8761/eureka/apps/EGOVCERTLOGIN/10.255.255.254:EgovCertLogin:18031?status=UP&lastDirtyTimestamp=1771896223588
2026-02-24 10:27:49.097 DEBUG 195745 --- [tbeatExecutor-0] o.s.w.c.RestTemplate                     : Accept=[application/json, application/*+json]
2026-02-24 10:27:49.101 DEBUG 195745 --- [tbeatExecutor-0] o.s.w.c.RestTemplate                     : Response 200 OK
2026-02-24 10:27:49.394 DEBUG 195745 --- [freshExecutor-0] o.s.w.c.RestTemplate                     : HTTP GET http://localhost:8761/eureka/apps/delta
2026-02-24 10:27:49.394 DEBUG 195745 --- [freshExecutor-0] o.s.w.c.RestTemplate                     : Accept=[application/json, application/*+json]
2026-02-24 10:27:49.397 DEBUG 195745 --- [freshExecutor-0] o.s.w.c.RestTemplate                     : Response 200 OK
2026-02-24 10:27:49.397 DEBUG 195745 --- [freshExecutor-0] o.s.w.c.RestTemplate                     : Reading to [org.springframework.cloud.netflix.eureka.http.EurekaApplications]
2026-02-24 10:27:53.909 DEBUG 195745 --- [freshExecutor-0] o.s.w.c.RestTemplate                     : HTTP GET http://localhost:8761/eureka/apps/delta
2026-02-24 10:27:53.910 DEBUG 195745 --- [freshExecutor-0] o.s.w.c.RestTemplate                     : Accept=[application/json, application/*+json]
2026-02-24 10:27:53.913 DEBUG 195745 --- [freshExecutor-0] o.s.w.c.RestTemplate                     : Response 200 OK
2026-02-24 10:27:53.913 DEBUG 195745 --- [freshExecutor-0] o.s.w.c.RestTemplate                     : Reading to [org.springframework.cloud.netflix.eureka.http.EurekaApplications]
2026-02-24 10:28:04.063 DEBUG 195745 --- [freshExecutor-0] o.s.w.c.RestTemplate                     : HTTP GET http://localhost:8761/eureka/apps/delta
2026-02-24 10:28:04.063 DEBUG 195745 --- [freshExecutor-0] o.s.w.c.RestTemplate                     : Accept=[application/json, application/*+json]
2026-02-24 10:28:04.066 DEBUG 195745 --- [freshExecutor-0] o.s.w.c.RestTemplate                     : Response 200 OK
2026-02-24 10:28:04.066 DEBUG 195745 --- [freshExecutor-0] o.s.w.c.RestTemplate                     : Reading to [org.springframework.cloud.netflix.eureka.http.EurekaApplications]
2026-02-24 10:28:03.424 DEBUG 195745 --- [freshExecutor-0] o.s.w.c.RestTemplate                     : HTTP GET http://localhost:8761/eureka/apps/delta
2026-02-24 10:28:03.425 DEBUG 195745 --- [freshExecutor-0] o.s.w.c.RestTemplate                     : Accept=[application/json, application/*+json]
2026-02-24 10:28:03.426 DEBUG 195745 --- [freshExecutor-0] o.s.w.c.RestTemplate                     : Response 200 OK
2026-02-24 10:28:03.426 DEBUG 195745 --- [freshExecutor-0] o.s.w.c.RestTemplate                     : Reading to [org.springframework.cloud.netflix.eureka.http.EurekaApplications]
2026-02-24 10:28:07.920 DEBUG 195745 --- [freshExecutor-0] o.s.w.c.RestTemplate                     : HTTP GET http://localhost:8761/eureka/apps/delta
2026-02-24 10:28:07.920 DEBUG 195745 --- [freshExecutor-0] o.s.w.c.RestTemplate                     : Accept=[application/json, application/*+json]
2026-02-24 10:28:07.925 DEBUG 195745 --- [freshExecutor-0] o.s.w.c.RestTemplate                     : Response 200 OK
2026-02-24 10:28:07.925 DEBUG 195745 --- [freshExecutor-0] o.s.w.c.RestTemplate                     : Reading to [org.springframework.cloud.netflix.eureka.http.EurekaApplications]
2026-02-24 10:28:12.429 DEBUG 195745 --- [freshExecutor-0] o.s.w.c.RestTemplate                     : HTTP GET http://localhost:8761/eureka/apps/delta
2026-02-24 10:28:12.430 DEBUG 195745 --- [freshExecutor-0] o.s.w.c.RestTemplate                     : Accept=[application/json, application/*+json]
2026-02-24 10:28:12.434 DEBUG 195745 --- [freshExecutor-0] o.s.w.c.RestTemplate                     : Response 200 OK
2026-02-24 10:28:12.434 DEBUG 195745 --- [freshExecutor-0] o.s.w.c.RestTemplate                     : Reading to [org.springframework.cloud.netflix.eureka.http.EurekaApplications]
2026-02-24 10:28:16.446  INFO 195745 --- [trap-executor-0] c.n.d.s.r.a.ConfigClusterResolver        : Resolving eureka endpoints via configuration
2026-02-24 10:28:16.608 DEBUG 195745 --- [tbeatExecutor-0] o.s.w.c.RestTemplate                     : HTTP PUT http://localhost:8761/eureka/apps/EGOVCERTLOGIN/10.255.255.254:EgovCertLogin:18031?status=UP&lastDirtyTimestamp=1771896223588
2026-02-24 10:28:16.608 DEBUG 195745 --- [tbeatExecutor-0] o.s.w.c.RestTemplate                     : Accept=[application/json, application/*+json]
2026-02-24 10:28:16.611 DEBUG 195745 --- [tbeatExecutor-0] o.s.w.c.RestTemplate                     : Response 200 OK
2026-02-24 10:28:16.936 DEBUG 195745 --- [freshExecutor-0] o.s.w.c.RestTemplate                     : HTTP GET http://localhost:8761/eureka/apps/delta
2026-02-24 10:28:16.936 DEBUG 195745 --- [freshExecutor-0] o.s.w.c.RestTemplate                     : Accept=[application/json, application/*+json]
2026-02-24 10:28:16.939 DEBUG 195745 --- [freshExecutor-0] o.s.w.c.RestTemplate                     : Response 200 OK
2026-02-24 10:28:16.939 DEBUG 195745 --- [freshExecutor-0] o.s.w.c.RestTemplate                     : Reading to [org.springframework.cloud.netflix.eureka.http.EurekaApplications]
2026-02-24 10:28:21.448 DEBUG 195745 --- [freshExecutor-0] o.s.w.c.RestTemplate                     : HTTP GET http://localhost:8761/eureka/apps/delta
2026-02-24 10:28:21.449 DEBUG 195745 --- [freshExecutor-0] o.s.w.c.RestTemplate                     : Accept=[application/json, application/*+json]
2026-02-24 10:28:21.452 DEBUG 195745 --- [freshExecutor-0] o.s.w.c.RestTemplate                     : Response 200 OK
2026-02-24 10:28:21.452 DEBUG 195745 --- [freshExecutor-0] o.s.w.c.RestTemplate                     : Reading to [org.springframework.cloud.netflix.eureka.http.EurekaApplications]
2026-02-24 10:28:25.945 DEBUG 195745 --- [freshExecutor-0] o.s.w.c.RestTemplate                     : HTTP GET http://localhost:8761/eureka/apps/delta
2026-02-24 10:28:25.945 DEBUG 195745 --- [freshExecutor-0] o.s.w.c.RestTemplate                     : Accept=[application/json, application/*+json]
2026-02-24 10:28:25.948 DEBUG 195745 --- [freshExecutor-0] o.s.w.c.RestTemplate                     : Response 200 OK
2026-02-24 10:28:25.948 DEBUG 195745 --- [freshExecutor-0] o.s.w.c.RestTemplate                     : Reading to [org.springframework.cloud.netflix.eureka.http.EurekaApplications]
2026-02-24 10:28:30.438 DEBUG 195745 --- [freshExecutor-0] o.s.w.c.RestTemplate                     : HTTP GET http://localhost:8761/eureka/apps/delta
2026-02-24 10:28:30.439 DEBUG 195745 --- [freshExecutor-0] o.s.w.c.RestTemplate                     : Accept=[application/json, application/*+json]
2026-02-24 10:28:30.441 DEBUG 195745 --- [freshExecutor-0] o.s.w.c.RestTemplate                     : Response 200 OK
2026-02-24 10:28:30.441 DEBUG 195745 --- [freshExecutor-0] o.s.w.c.RestTemplate                     : Reading to [org.springframework.cloud.netflix.eureka.http.EurekaApplications]
2026-02-24 10:28:34.942 DEBUG 195745 --- [freshExecutor-0] o.s.w.c.RestTemplate                     : HTTP GET http://localhost:8761/eureka/apps/delta
2026-02-24 10:28:34.943 DEBUG 195745 --- [freshExecutor-0] o.s.w.c.RestTemplate                     : Accept=[application/json, application/*+json]
2026-02-24 10:28:34.947 DEBUG 195745 --- [freshExecutor-0] o.s.w.c.RestTemplate                     : Response 200 OK
2026-02-24 10:28:34.947 DEBUG 195745 --- [freshExecutor-0] o.s.w.c.RestTemplate                     : Reading to [org.springframework.cloud.netflix.eureka.http.EurekaApplications]
2026-02-24 10:28:39.458 DEBUG 195745 --- [freshExecutor-0] o.s.w.c.RestTemplate                     : HTTP GET http://localhost:8761/eureka/apps/delta
2026-02-24 10:28:39.459 DEBUG 195745 --- [freshExecutor-0] o.s.w.c.RestTemplate                     : Accept=[application/json, application/*+json]
2026-02-24 10:28:39.465 DEBUG 195745 --- [freshExecutor-0] o.s.w.c.RestTemplate                     : Response 200 OK
2026-02-24 10:28:39.465 DEBUG 195745 --- [freshExecutor-0] o.s.w.c.RestTemplate                     : Reading to [org.springframework.cloud.netflix.eureka.http.EurekaApplications]
2026-02-24 10:28:49.256 DEBUG 195745 --- [tbeatExecutor-0] o.s.w.c.RestTemplate                     : HTTP PUT http://localhost:8761/eureka/apps/EGOVCERTLOGIN/10.255.255.254:EgovCertLogin:18031?status=UP&lastDirtyTimestamp=1771896223588
2026-02-24 10:28:49.257 DEBUG 195745 --- [tbeatExecutor-0] o.s.w.c.RestTemplate                     : Accept=[application/json, application/*+json]
2026-02-24 10:28:49.259 DEBUG 195745 --- [tbeatExecutor-0] o.s.w.c.RestTemplate                     : Response 200 OK
2026-02-24 10:28:43.962 DEBUG 195745 --- [freshExecutor-0] o.s.w.c.RestTemplate                     : HTTP GET http://localhost:8761/eureka/apps/delta
2026-02-24 10:28:43.963 DEBUG 195745 --- [freshExecutor-0] o.s.w.c.RestTemplate                     : Accept=[application/json, application/*+json]
2026-02-24 10:28:43.965 DEBUG 195745 --- [freshExecutor-0] o.s.w.c.RestTemplate                     : Response 200 OK
2026-02-24 10:28:43.966 DEBUG 195745 --- [freshExecutor-0] o.s.w.c.RestTemplate                     : Reading to [org.springframework.cloud.netflix.eureka.http.EurekaApplications]
2026-02-24 10:28:54.123 DEBUG 195745 --- [freshExecutor-0] o.s.w.c.RestTemplate                     : HTTP GET http://localhost:8761/eureka/apps/delta
2026-02-24 10:28:54.123 DEBUG 195745 --- [freshExecutor-0] o.s.w.c.RestTemplate                     : Accept=[application/json, application/*+json]
2026-02-24 10:28:54.126 DEBUG 195745 --- [freshExecutor-0] o.s.w.c.RestTemplate                     : Response 200 OK
2026-02-24 10:28:54.127 DEBUG 195745 --- [freshExecutor-0] o.s.w.c.RestTemplate                     : Reading to [org.springframework.cloud.netflix.eureka.http.EurekaApplications]
2026-02-24 10:28:53.468 DEBUG 195745 --- [freshExecutor-0] o.s.w.c.RestTemplate                     : HTTP GET http://localhost:8761/eureka/apps/delta
2026-02-24 10:28:53.468 DEBUG 195745 --- [freshExecutor-0] o.s.w.c.RestTemplate                     : Accept=[application/json, application/*+json]
2026-02-24 10:28:53.470 DEBUG 195745 --- [freshExecutor-0] o.s.w.c.RestTemplate                     : Response 200 OK
2026-02-24 10:28:53.470 DEBUG 195745 --- [freshExecutor-0] o.s.w.c.RestTemplate                     : Reading to [org.springframework.cloud.netflix.eureka.http.EurekaApplications]
2026-02-24 10:28:57.982 DEBUG 195745 --- [freshExecutor-0] o.s.w.c.RestTemplate                     : HTTP GET http://localhost:8761/eureka/apps/delta
2026-02-24 10:28:57.982 DEBUG 195745 --- [freshExecutor-0] o.s.w.c.RestTemplate                     : Accept=[application/json, application/*+json]
2026-02-24 10:28:57.985 DEBUG 195745 --- [freshExecutor-0] o.s.w.c.RestTemplate                     : Response 200 OK
2026-02-24 10:28:57.985 DEBUG 195745 --- [freshExecutor-0] o.s.w.c.RestTemplate                     : Reading to [org.springframework.cloud.netflix.eureka.http.EurekaApplications]
2026-02-24 10:29:02.468 DEBUG 195745 --- [freshExecutor-0] o.s.w.c.RestTemplate                     : HTTP GET http://localhost:8761/eureka/apps/delta
2026-02-24 10:29:02.468 DEBUG 195745 --- [freshExecutor-0] o.s.w.c.RestTemplate                     : Accept=[application/json, application/*+json]
2026-02-24 10:29:02.470 DEBUG 195745 --- [freshExecutor-0] o.s.w.c.RestTemplate                     : Response 200 OK
2026-02-24 10:29:02.471 DEBUG 195745 --- [freshExecutor-0] o.s.w.c.RestTemplate                     : Reading to [org.springframework.cloud.netflix.eureka.http.EurekaApplications]
2026-02-24 10:29:06.979 DEBUG 195745 --- [freshExecutor-0] o.s.w.c.RestTemplate                     : HTTP GET http://localhost:8761/eureka/apps/delta
2026-02-24 10:29:06.979 DEBUG 195745 --- [freshExecutor-0] o.s.w.c.RestTemplate                     : Accept=[application/json, application/*+json]
2026-02-24 10:29:06.982 DEBUG 195745 --- [freshExecutor-0] o.s.w.c.RestTemplate                     : Response 200 OK
2026-02-24 10:29:06.982 DEBUG 195745 --- [freshExecutor-0] o.s.w.c.RestTemplate                     : Reading to [org.springframework.cloud.netflix.eureka.http.EurekaApplications]
2026-02-24 10:29:11.122 DEBUG 195745 --- [tbeatExecutor-0] o.s.w.c.RestTemplate                     : HTTP PUT http://localhost:8761/eureka/apps/EGOVCERTLOGIN/10.255.255.254:EgovCertLogin:18031?status=UP&lastDirtyTimestamp=1771896223588
2026-02-24 10:29:11.122 DEBUG 195745 --- [tbeatExecutor-0] o.s.w.c.RestTemplate                     : Accept=[application/json, application/*+json]
2026-02-24 10:29:11.125 DEBUG 195745 --- [tbeatExecutor-0] o.s.w.c.RestTemplate                     : Response 200 OK
2026-02-24 10:29:11.509 DEBUG 195745 --- [freshExecutor-0] o.s.w.c.RestTemplate                     : HTTP GET http://localhost:8761/eureka/apps/delta
2026-02-24 10:29:11.509 DEBUG 195745 --- [freshExecutor-0] o.s.w.c.RestTemplate                     : Accept=[application/json, application/*+json]
2026-02-24 10:29:11.512 DEBUG 195745 --- [freshExecutor-0] o.s.w.c.RestTemplate                     : Response 200 OK
2026-02-24 10:29:11.512 DEBUG 195745 --- [freshExecutor-0] o.s.w.c.RestTemplate                     : Reading to [org.springframework.cloud.netflix.eureka.http.EurekaApplications]
2026-02-24 10:29:15.999 DEBUG 195745 --- [freshExecutor-0] o.s.w.c.RestTemplate                     : HTTP GET http://localhost:8761/eureka/apps/delta
2026-02-24 10:29:15.999 DEBUG 195745 --- [freshExecutor-0] o.s.w.c.RestTemplate                     : Accept=[application/json, application/*+json]
2026-02-24 10:29:16.002 DEBUG 195745 --- [freshExecutor-0] o.s.w.c.RestTemplate                     : Response 200 OK
2026-02-24 10:29:16.002 DEBUG 195745 --- [freshExecutor-0] o.s.w.c.RestTemplate                     : Reading to [org.springframework.cloud.netflix.eureka.http.EurekaApplications]
2026-02-24 10:29:20.503 DEBUG 195745 --- [freshExecutor-0] o.s.w.c.RestTemplate                     : HTTP GET http://localhost:8761/eureka/apps/delta
2026-02-24 10:29:20.504 DEBUG 195745 --- [freshExecutor-0] o.s.w.c.RestTemplate                     : Accept=[application/json, application/*+json]
2026-02-24 10:29:20.506 DEBUG 195745 --- [freshExecutor-0] o.s.w.c.RestTemplate                     : Response 200 OK
2026-02-24 10:29:20.506 DEBUG 195745 --- [freshExecutor-0] o.s.w.c.RestTemplate                     : Reading to [org.springframework.cloud.netflix.eureka.http.EurekaApplications]
2026-02-24 10:29:25.000 DEBUG 195745 --- [freshExecutor-0] o.s.w.c.RestTemplate                     : HTTP GET http://localhost:8761/eureka/apps/delta
2026-02-24 10:29:25.001 DEBUG 195745 --- [freshExecutor-0] o.s.w.c.RestTemplate                     : Accept=[application/json, application/*+json]
2026-02-24 10:29:25.003 DEBUG 195745 --- [freshExecutor-0] o.s.w.c.RestTemplate                     : Response 200 OK
2026-02-24 10:29:25.003 DEBUG 195745 --- [freshExecutor-0] o.s.w.c.RestTemplate                     : Reading to [org.springframework.cloud.netflix.eureka.http.EurekaApplications]
2026-02-24 10:29:29.507 DEBUG 195745 --- [freshExecutor-0] o.s.w.c.RestTemplate                     : HTTP GET http://localhost:8761/eureka/apps/delta
2026-02-24 10:29:29.507 DEBUG 195745 --- [freshExecutor-0] o.s.w.c.RestTemplate                     : Accept=[application/json, application/*+json]
2026-02-24 10:29:29.510 DEBUG 195745 --- [freshExecutor-0] o.s.w.c.RestTemplate                     : Response 200 OK
2026-02-24 10:29:29.510 DEBUG 195745 --- [freshExecutor-0] o.s.w.c.RestTemplate                     : Reading to [org.springframework.cloud.netflix.eureka.http.EurekaApplications]
2026-02-24 10:29:34.008 DEBUG 195745 --- [freshExecutor-0] o.s.w.c.RestTemplate                     : HTTP GET http://localhost:8761/eureka/apps/delta
2026-02-24 10:29:34.008 DEBUG 195745 --- [freshExecutor-0] o.s.w.c.RestTemplate                     : Accept=[application/json, application/*+json]
2026-02-24 10:29:34.011 DEBUG 195745 --- [freshExecutor-0] o.s.w.c.RestTemplate                     : Response 200 OK
2026-02-24 10:29:34.011 DEBUG 195745 --- [freshExecutor-0] o.s.w.c.RestTemplate                     : Reading to [org.springframework.cloud.netflix.eureka.http.EurekaApplications]
2026-02-24 10:29:38.598 DEBUG 195745 --- [tbeatExecutor-0] o.s.w.c.RestTemplate                     : HTTP PUT http://localhost:8761/eureka/apps/EGOVCERTLOGIN/10.255.255.254:EgovCertLogin:18031?status=UP&lastDirtyTimestamp=1771896223588
2026-02-24 10:29:38.599 DEBUG 195745 --- [tbeatExecutor-0] o.s.w.c.RestTemplate                     : Accept=[application/json, application/*+json]
2026-02-24 10:29:38.603 DEBUG 195745 --- [tbeatExecutor-0] o.s.w.c.RestTemplate                     : Response 200 OK
2026-02-24 10:29:44.171 DEBUG 195745 --- [freshExecutor-0] o.s.w.c.RestTemplate                     : HTTP GET http://localhost:8761/eureka/apps/delta
2026-02-24 10:29:44.172 DEBUG 195745 --- [freshExecutor-0] o.s.w.c.RestTemplate                     : Accept=[application/json, application/*+json]
2026-02-24 10:29:44.168 DEBUG 195745 --- [freshExecutor-0] o.s.w.c.RestTemplate                     : Response 200 OK
2026-02-24 10:29:44.169 DEBUG 195745 --- [freshExecutor-0] o.s.w.c.RestTemplate                     : Reading to [org.springframework.cloud.netflix.eureka.http.EurekaApplications]
2026-02-24 10:29:43.529 DEBUG 195745 --- [freshExecutor-0] o.s.w.c.RestTemplate                     : HTTP GET http://localhost:8761/eureka/apps/delta
2026-02-24 10:29:43.530 DEBUG 195745 --- [freshExecutor-0] o.s.w.c.RestTemplate                     : Accept=[application/json, application/*+json]
2026-02-24 10:29:43.531 DEBUG 195745 --- [freshExecutor-0] o.s.w.c.RestTemplate                     : Response 200 OK
2026-02-24 10:29:43.531 DEBUG 195745 --- [freshExecutor-0] o.s.w.c.RestTemplate                     : Reading to [org.springframework.cloud.netflix.eureka.http.EurekaApplications]
2026-02-24 10:29:48.019 DEBUG 195745 --- [freshExecutor-0] o.s.w.c.RestTemplate                     : HTTP GET http://localhost:8761/eureka/apps/delta
2026-02-24 10:29:48.019 DEBUG 195745 --- [freshExecutor-0] o.s.w.c.RestTemplate                     : Accept=[application/json, application/*+json]
2026-02-24 10:29:48.022 DEBUG 195745 --- [freshExecutor-0] o.s.w.c.RestTemplate                     : Response 200 OK
2026-02-24 10:29:48.022 DEBUG 195745 --- [freshExecutor-0] o.s.w.c.RestTemplate                     : Reading to [org.springframework.cloud.netflix.eureka.http.EurekaApplications]
2026-02-24 10:29:52.538 DEBUG 195745 --- [freshExecutor-0] o.s.w.c.RestTemplate                     : HTTP GET http://localhost:8761/eureka/apps/delta
2026-02-24 10:29:52.538 DEBUG 195745 --- [freshExecutor-0] o.s.w.c.RestTemplate                     : Accept=[application/json, application/*+json]
2026-02-24 10:29:52.541 DEBUG 195745 --- [freshExecutor-0] o.s.w.c.RestTemplate                     : Response 200 OK
2026-02-24 10:29:52.541 DEBUG 195745 --- [freshExecutor-0] o.s.w.c.RestTemplate                     : Reading to [org.springframework.cloud.netflix.eureka.http.EurekaApplications]
2026-02-24 10:29:57.032 DEBUG 195745 --- [freshExecutor-0] o.s.w.c.RestTemplate                     : HTTP GET http://localhost:8761/eureka/apps/delta
2026-02-24 10:29:57.032 DEBUG 195745 --- [freshExecutor-0] o.s.w.c.RestTemplate                     : Accept=[application/json, application/*+json]
2026-02-24 10:29:57.035 DEBUG 195745 --- [freshExecutor-0] o.s.w.c.RestTemplate                     : Response 200 OK
2026-02-24 10:29:57.035 DEBUG 195745 --- [freshExecutor-0] o.s.w.c.RestTemplate                     : Reading to [org.springframework.cloud.netflix.eureka.http.EurekaApplications]
2026-02-24 10:30:01.535 DEBUG 195745 --- [freshExecutor-0] o.s.w.c.RestTemplate                     : HTTP GET http://localhost:8761/eureka/apps/delta
2026-02-24 10:30:01.535 DEBUG 195745 --- [freshExecutor-0] o.s.w.c.RestTemplate                     : Accept=[application/json, application/*+json]
2026-02-24 10:30:01.537 DEBUG 195745 --- [freshExecutor-0] o.s.w.c.RestTemplate                     : Response 200 OK
2026-02-24 10:30:01.537 DEBUG 195745 --- [freshExecutor-0] o.s.w.c.RestTemplate                     : Reading to [org.springframework.cloud.netflix.eureka.http.EurekaApplications]
2026-02-24 10:30:05.604 DEBUG 195745 --- [tbeatExecutor-0] o.s.w.c.RestTemplate                     : HTTP PUT http://localhost:8761/eureka/apps/EGOVCERTLOGIN/10.255.255.254:EgovCertLogin:18031?status=UP&lastDirtyTimestamp=1771896223588
2026-02-24 10:30:05.604 DEBUG 195745 --- [tbeatExecutor-0] o.s.w.c.RestTemplate                     : Accept=[application/json, application/*+json]
2026-02-24 10:30:05.608 DEBUG 195745 --- [tbeatExecutor-0] o.s.w.c.RestTemplate                     : Response 200 OK
2026-02-24 10:30:11.463 DEBUG 195745 --- [freshExecutor-0] o.s.w.c.RestTemplate                     : HTTP GET http://localhost:8761/eureka/apps/delta
2026-02-24 10:30:11.463 DEBUG 195745 --- [freshExecutor-0] o.s.w.c.RestTemplate                     : Accept=[application/json, application/*+json]
2026-02-24 10:30:11.466 DEBUG 195745 --- [freshExecutor-0] o.s.w.c.RestTemplate                     : Response 200 OK
2026-02-24 10:30:11.466 DEBUG 195745 --- [freshExecutor-0] o.s.w.c.RestTemplate                     : Reading to [org.springframework.cloud.netflix.eureka.http.EurekaApplications]
2026-02-24 10:30:10.551 DEBUG 195745 --- [freshExecutor-0] o.s.w.c.RestTemplate                     : HTTP GET http://localhost:8761/eureka/apps/delta
2026-02-24 10:30:10.551 DEBUG 195745 --- [freshExecutor-0] o.s.w.c.RestTemplate                     : Accept=[application/json, application/*+json]
2026-02-24 10:30:10.553 DEBUG 195745 --- [freshExecutor-0] o.s.w.c.RestTemplate                     : Response 200 OK
2026-02-24 10:30:10.553 DEBUG 195745 --- [freshExecutor-0] o.s.w.c.RestTemplate                     : Reading to [org.springframework.cloud.netflix.eureka.http.EurekaApplications]
2026-02-24 10:30:15.043 DEBUG 195745 --- [freshExecutor-0] o.s.w.c.RestTemplate                     : HTTP GET http://localhost:8761/eureka/apps/delta
2026-02-24 10:30:15.044 DEBUG 195745 --- [freshExecutor-0] o.s.w.c.RestTemplate                     : Accept=[application/json, application/*+json]
2026-02-24 10:30:15.046 DEBUG 195745 --- [freshExecutor-0] o.s.w.c.RestTemplate                     : Response 200 OK
2026-02-24 10:30:15.046 DEBUG 195745 --- [freshExecutor-0] o.s.w.c.RestTemplate                     : Reading to [org.springframework.cloud.netflix.eureka.http.EurekaApplications]
2026-02-24 10:30:19.548 DEBUG 195745 --- [freshExecutor-0] o.s.w.c.RestTemplate                     : HTTP GET http://localhost:8761/eureka/apps/delta
2026-02-24 10:30:19.548 DEBUG 195745 --- [freshExecutor-0] o.s.w.c.RestTemplate                     : Accept=[application/json, application/*+json]
2026-02-24 10:30:19.551 DEBUG 195745 --- [freshExecutor-0] o.s.w.c.RestTemplate                     : Response 200 OK
2026-02-24 10:30:19.551 DEBUG 195745 --- [freshExecutor-0] o.s.w.c.RestTemplate                     : Reading to [org.springframework.cloud.netflix.eureka.http.EurekaApplications]
2026-02-24 10:30:24.052 DEBUG 195745 --- [freshExecutor-0] o.s.w.c.RestTemplate                     : HTTP GET http://localhost:8761/eureka/apps/delta
2026-02-24 10:30:24.052 DEBUG 195745 --- [freshExecutor-0] o.s.w.c.RestTemplate                     : Accept=[application/json, application/*+json]
2026-02-24 10:30:24.055 DEBUG 195745 --- [freshExecutor-0] o.s.w.c.RestTemplate                     : Response 200 OK
2026-02-24 10:30:24.055 DEBUG 195745 --- [freshExecutor-0] o.s.w.c.RestTemplate                     : Reading to [org.springframework.cloud.netflix.eureka.http.EurekaApplications]
2026-02-24 10:30:34.213 DEBUG 195745 --- [freshExecutor-0] o.s.w.c.RestTemplate                     : HTTP GET http://localhost:8761/eureka/apps/delta
2026-02-24 10:30:34.213 DEBUG 195745 --- [freshExecutor-0] o.s.w.c.RestTemplate                     : Accept=[application/json, application/*+json]
2026-02-24 10:30:34.218 DEBUG 195745 --- [freshExecutor-0] o.s.w.c.RestTemplate                     : Response 200 OK
2026-02-24 10:30:34.218 DEBUG 195745 --- [freshExecutor-0] o.s.w.c.RestTemplate                     : Reading to [org.springframework.cloud.netflix.eureka.http.EurekaApplications]
2026-02-24 10:30:33.109 DEBUG 195745 --- [tbeatExecutor-0] o.s.w.c.RestTemplate                     : HTTP PUT http://localhost:8761/eureka/apps/EGOVCERTLOGIN/10.255.255.254:EgovCertLogin:18031?status=UP&lastDirtyTimestamp=1771896223588
2026-02-24 10:30:33.109 DEBUG 195745 --- [tbeatExecutor-0] o.s.w.c.RestTemplate                     : Accept=[application/json, application/*+json]
2026-02-24 10:30:33.111 DEBUG 195745 --- [tbeatExecutor-0] o.s.w.c.RestTemplate                     : Response 200 OK
2026-02-24 10:30:38.755 DEBUG 195745 --- [freshExecutor-0] o.s.w.c.RestTemplate                     : HTTP GET http://localhost:8761/eureka/apps/delta
2026-02-24 10:30:38.755 DEBUG 195745 --- [freshExecutor-0] o.s.w.c.RestTemplate                     : Accept=[application/json, application/*+json]
2026-02-24 10:30:38.757 DEBUG 195745 --- [freshExecutor-0] o.s.w.c.RestTemplate                     : Response 200 OK
2026-02-24 10:30:38.758 DEBUG 195745 --- [freshExecutor-0] o.s.w.c.RestTemplate                     : Reading to [org.springframework.cloud.netflix.eureka.http.EurekaApplications]
2026-02-24 10:30:38.062 DEBUG 195745 --- [freshExecutor-0] o.s.w.c.RestTemplate                     : HTTP GET http://localhost:8761/eureka/apps/delta
2026-02-24 10:30:38.063 DEBUG 195745 --- [freshExecutor-0] o.s.w.c.RestTemplate                     : Accept=[application/json, application/*+json]
2026-02-24 10:30:38.064 DEBUG 195745 --- [freshExecutor-0] o.s.w.c.RestTemplate                     : Response 200 OK
2026-02-24 10:30:38.064 DEBUG 195745 --- [freshExecutor-0] o.s.w.c.RestTemplate                     : Reading to [org.springframework.cloud.netflix.eureka.http.EurekaApplications]
2026-02-24 10:30:42.585 DEBUG 195745 --- [freshExecutor-0] o.s.w.c.RestTemplate                     : HTTP GET http://localhost:8761/eureka/apps/delta
2026-02-24 10:30:42.585 DEBUG 195745 --- [freshExecutor-0] o.s.w.c.RestTemplate                     : Accept=[application/json, application/*+json]
2026-02-24 10:30:42.588 DEBUG 195745 --- [freshExecutor-0] o.s.w.c.RestTemplate                     : Response 200 OK
2026-02-24 10:30:42.589 DEBUG 195745 --- [freshExecutor-0] o.s.w.c.RestTemplate                     : Reading to [org.springframework.cloud.netflix.eureka.http.EurekaApplications]
2026-02-24 10:30:47.071 DEBUG 195745 --- [freshExecutor-0] o.s.w.c.RestTemplate                     : HTTP GET http://localhost:8761/eureka/apps/delta
2026-02-24 10:30:47.071 DEBUG 195745 --- [freshExecutor-0] o.s.w.c.RestTemplate                     : Accept=[application/json, application/*+json]
2026-02-24 10:30:47.073 DEBUG 195745 --- [freshExecutor-0] o.s.w.c.RestTemplate                     : Response 200 OK
2026-02-24 10:30:47.074 DEBUG 195745 --- [freshExecutor-0] o.s.w.c.RestTemplate                     : Reading to [org.springframework.cloud.netflix.eureka.http.EurekaApplications]
2026-02-24 10:30:51.578 DEBUG 195745 --- [freshExecutor-0] o.s.w.c.RestTemplate                     : HTTP GET http://localhost:8761/eureka/apps/delta
2026-02-24 10:30:51.578 DEBUG 195745 --- [freshExecutor-0] o.s.w.c.RestTemplate                     : Accept=[application/json, application/*+json]
2026-02-24 10:30:51.582 DEBUG 195745 --- [freshExecutor-0] o.s.w.c.RestTemplate                     : Response 200 OK
2026-02-24 10:30:51.582 DEBUG 195745 --- [freshExecutor-0] o.s.w.c.RestTemplate                     : Reading to [org.springframework.cloud.netflix.eureka.http.EurekaApplications]
2026-02-24 10:30:56.078 DEBUG 195745 --- [freshExecutor-0] o.s.w.c.RestTemplate                     : HTTP GET http://localhost:8761/eureka/apps/delta
2026-02-24 10:30:56.079 DEBUG 195745 --- [freshExecutor-0] o.s.w.c.RestTemplate                     : Accept=[application/json, application/*+json]
2026-02-24 10:30:56.081 DEBUG 195745 --- [freshExecutor-0] o.s.w.c.RestTemplate                     : Response 200 OK
2026-02-24 10:30:56.081 DEBUG 195745 --- [freshExecutor-0] o.s.w.c.RestTemplate                     : Reading to [org.springframework.cloud.netflix.eureka.http.EurekaApplications]
2026-02-24 10:31:00.107 DEBUG 195745 --- [tbeatExecutor-0] o.s.w.c.RestTemplate                     : HTTP PUT http://localhost:8761/eureka/apps/EGOVCERTLOGIN/10.255.255.254:EgovCertLogin:18031?status=UP&lastDirtyTimestamp=1771896223588
2026-02-24 10:31:00.108 DEBUG 195745 --- [tbeatExecutor-0] o.s.w.c.RestTemplate                     : Accept=[application/json, application/*+json]
2026-02-24 10:31:00.111 DEBUG 195745 --- [tbeatExecutor-0] o.s.w.c.RestTemplate                     : Response 200 OK
2026-02-24 10:31:06.065 DEBUG 195745 --- [freshExecutor-0] o.s.w.c.RestTemplate                     : HTTP GET http://localhost:8761/eureka/apps/delta
2026-02-24 10:31:06.065 DEBUG 195745 --- [freshExecutor-0] o.s.w.c.RestTemplate                     : Accept=[application/json, application/*+json]
2026-02-24 10:31:06.068 DEBUG 195745 --- [freshExecutor-0] o.s.w.c.RestTemplate                     : Response 200 OK
2026-02-24 10:31:06.068 DEBUG 195745 --- [freshExecutor-0] o.s.w.c.RestTemplate                     : Reading to [org.springframework.cloud.netflix.eureka.http.EurekaApplications]
2026-02-24 10:31:05.102 DEBUG 195745 --- [freshExecutor-0] o.s.w.c.RestTemplate                     : HTTP GET http://localhost:8761/eureka/apps/delta
2026-02-24 10:31:05.102 DEBUG 195745 --- [freshExecutor-0] o.s.w.c.RestTemplate                     : Accept=[application/json, application/*+json]
2026-02-24 10:31:05.103 DEBUG 195745 --- [freshExecutor-0] o.s.w.c.RestTemplate                     : Response 200 OK
2026-02-24 10:31:05.103 DEBUG 195745 --- [freshExecutor-0] o.s.w.c.RestTemplate                     : Reading to [org.springframework.cloud.netflix.eureka.http.EurekaApplications]
2026-02-24 10:31:09.606 DEBUG 195745 --- [freshExecutor-0] o.s.w.c.RestTemplate                     : HTTP GET http://localhost:8761/eureka/apps/delta
2026-02-24 10:31:09.606 DEBUG 195745 --- [freshExecutor-0] o.s.w.c.RestTemplate                     : Accept=[application/json, application/*+json]
2026-02-24 10:31:09.609 DEBUG 195745 --- [freshExecutor-0] o.s.w.c.RestTemplate                     : Response 200 OK
2026-02-24 10:31:09.609 DEBUG 195745 --- [freshExecutor-0] o.s.w.c.RestTemplate                     : Reading to [org.springframework.cloud.netflix.eureka.http.EurekaApplications]
2026-02-24 10:31:14.104 DEBUG 195745 --- [freshExecutor-0] o.s.w.c.RestTemplate                     : HTTP GET http://localhost:8761/eureka/apps/delta
2026-02-24 10:31:14.104 DEBUG 195745 --- [freshExecutor-0] o.s.w.c.RestTemplate                     : Accept=[application/json, application/*+json]
2026-02-24 10:31:14.107 DEBUG 195745 --- [freshExecutor-0] o.s.w.c.RestTemplate                     : Response 200 OK
2026-02-24 10:31:14.107 DEBUG 195745 --- [freshExecutor-0] o.s.w.c.RestTemplate                     : Reading to [org.springframework.cloud.netflix.eureka.http.EurekaApplications]
2026-02-24 10:31:24.263 DEBUG 195745 --- [freshExecutor-0] o.s.w.c.RestTemplate                     : HTTP GET http://localhost:8761/eureka/apps/delta
2026-02-24 10:31:24.263 DEBUG 195745 --- [freshExecutor-0] o.s.w.c.RestTemplate                     : Accept=[application/json, application/*+json]
2026-02-24 10:31:24.265 DEBUG 195745 --- [freshExecutor-0] o.s.w.c.RestTemplate                     : Response 200 OK
2026-02-24 10:31:24.265 DEBUG 195745 --- [freshExecutor-0] o.s.w.c.RestTemplate                     : Reading to [org.springframework.cloud.netflix.eureka.http.EurekaApplications]
2026-02-24 10:31:23.609 DEBUG 195745 --- [freshExecutor-0] o.s.w.c.RestTemplate                     : HTTP GET http://localhost:8761/eureka/apps/delta
2026-02-24 10:31:23.610 DEBUG 195745 --- [freshExecutor-0] o.s.w.c.RestTemplate                     : Accept=[application/json, application/*+json]
2026-02-24 10:31:23.611 DEBUG 195745 --- [freshExecutor-0] o.s.w.c.RestTemplate                     : Response 200 OK
2026-02-24 10:31:23.611 DEBUG 195745 --- [freshExecutor-0] o.s.w.c.RestTemplate                     : Reading to [org.springframework.cloud.netflix.eureka.http.EurekaApplications]
2026-02-24 10:31:27.608 DEBUG 195745 --- [tbeatExecutor-0] o.s.w.c.RestTemplate                     : HTTP PUT http://localhost:8761/eureka/apps/EGOVCERTLOGIN/10.255.255.254:EgovCertLogin:18031?status=UP&lastDirtyTimestamp=1771896223588
2026-02-24 10:31:27.608 DEBUG 195745 --- [tbeatExecutor-0] o.s.w.c.RestTemplate                     : Accept=[application/json, application/*+json]
2026-02-24 10:31:27.611 DEBUG 195745 --- [tbeatExecutor-0] o.s.w.c.RestTemplate                     : Response 200 OK
2026-02-24 10:31:33.369 DEBUG 195745 --- [freshExecutor-0] o.s.w.c.RestTemplate                     : HTTP GET http://localhost:8761/eureka/apps/delta
2026-02-24 10:31:33.369 DEBUG 195745 --- [freshExecutor-0] o.s.w.c.RestTemplate                     : Accept=[application/json, application/*+json]
2026-02-24 10:31:33.372 DEBUG 195745 --- [freshExecutor-0] o.s.w.c.RestTemplate                     : Response 200 OK
2026-02-24 10:31:33.372 DEBUG 195745 --- [freshExecutor-0] o.s.w.c.RestTemplate                     : Reading to [org.springframework.cloud.netflix.eureka.http.EurekaApplications]
2026-02-24 10:31:32.615 DEBUG 195745 --- [freshExecutor-0] o.s.w.c.RestTemplate                     : HTTP GET http://localhost:8761/eureka/apps/delta
2026-02-24 10:31:32.616 DEBUG 195745 --- [freshExecutor-0] o.s.w.c.RestTemplate                     : Accept=[application/json, application/*+json]
2026-02-24 10:31:32.617 DEBUG 195745 --- [freshExecutor-0] o.s.w.c.RestTemplate                     : Response 200 OK
2026-02-24 10:31:32.617 DEBUG 195745 --- [freshExecutor-0] o.s.w.c.RestTemplate                     : Reading to [org.springframework.cloud.netflix.eureka.http.EurekaApplications]
2026-02-24 10:31:37.133 DEBUG 195745 --- [freshExecutor-0] o.s.w.c.RestTemplate                     : HTTP GET http://localhost:8761/eureka/apps/delta
2026-02-24 10:31:37.133 DEBUG 195745 --- [freshExecutor-0] o.s.w.c.RestTemplate                     : Accept=[application/json, application/*+json]
2026-02-24 10:31:37.137 DEBUG 195745 --- [freshExecutor-0] o.s.w.c.RestTemplate                     : Response 200 OK
2026-02-24 10:31:37.137 DEBUG 195745 --- [freshExecutor-0] o.s.w.c.RestTemplate                     : Reading to [org.springframework.cloud.netflix.eureka.http.EurekaApplications]
2026-02-24 10:31:41.634 DEBUG 195745 --- [freshExecutor-0] o.s.w.c.RestTemplate                     : HTTP GET http://localhost:8761/eureka/apps/delta
2026-02-24 10:31:41.634 DEBUG 195745 --- [freshExecutor-0] o.s.w.c.RestTemplate                     : Accept=[application/json, application/*+json]
2026-02-24 10:31:41.636 DEBUG 195745 --- [freshExecutor-0] o.s.w.c.RestTemplate                     : Response 200 OK
2026-02-24 10:31:41.636 DEBUG 195745 --- [freshExecutor-0] o.s.w.c.RestTemplate                     : Reading to [org.springframework.cloud.netflix.eureka.http.EurekaApplications]
2026-02-24 10:31:46.131 DEBUG 195745 --- [freshExecutor-0] o.s.w.c.RestTemplate                     : HTTP GET http://localhost:8761/eureka/apps/delta
2026-02-24 10:31:46.132 DEBUG 195745 --- [freshExecutor-0] o.s.w.c.RestTemplate                     : Accept=[application/json, application/*+json]
2026-02-24 10:31:46.135 DEBUG 195745 --- [freshExecutor-0] o.s.w.c.RestTemplate                     : Response 200 OK
2026-02-24 10:31:46.135 DEBUG 195745 --- [freshExecutor-0] o.s.w.c.RestTemplate                     : Reading to [org.springframework.cloud.netflix.eureka.http.EurekaApplications]
2026-02-24 10:31:50.634 DEBUG 195745 --- [freshExecutor-0] o.s.w.c.RestTemplate                     : HTTP GET http://localhost:8761/eureka/apps/delta
2026-02-24 10:31:50.635 DEBUG 195745 --- [freshExecutor-0] o.s.w.c.RestTemplate                     : Accept=[application/json, application/*+json]
2026-02-24 10:31:50.637 DEBUG 195745 --- [freshExecutor-0] o.s.w.c.RestTemplate                     : Response 200 OK
2026-02-24 10:31:50.638 DEBUG 195745 --- [freshExecutor-0] o.s.w.c.RestTemplate                     : Reading to [org.springframework.cloud.netflix.eureka.http.EurekaApplications]
2026-02-24 10:31:54.624 DEBUG 195745 --- [tbeatExecutor-0] o.s.w.c.RestTemplate                     : HTTP PUT http://localhost:8761/eureka/apps/EGOVCERTLOGIN/10.255.255.254:EgovCertLogin:18031?status=UP&lastDirtyTimestamp=1771896223588
2026-02-24 10:31:54.624 DEBUG 195745 --- [tbeatExecutor-0] o.s.w.c.RestTemplate                     : Accept=[application/json, application/*+json]
2026-02-24 10:31:54.629 DEBUG 195745 --- [tbeatExecutor-0] o.s.w.c.RestTemplate                     : Response 200 OK
2026-02-24 10:32:00.670 DEBUG 195745 --- [freshExecutor-0] o.s.w.c.RestTemplate                     : HTTP GET http://localhost:8761/eureka/apps/delta
2026-02-24 10:32:00.670 DEBUG 195745 --- [freshExecutor-0] o.s.w.c.RestTemplate                     : Accept=[application/json, application/*+json]
2026-02-24 10:32:00.673 DEBUG 195745 --- [freshExecutor-0] o.s.w.c.RestTemplate                     : Response 200 OK
2026-02-24 10:32:00.673 DEBUG 195745 --- [freshExecutor-0] o.s.w.c.RestTemplate                     : Reading to [org.springframework.cloud.netflix.eureka.http.EurekaApplications]
2026-02-24 10:31:59.662 DEBUG 195745 --- [freshExecutor-0] o.s.w.c.RestTemplate                     : HTTP GET http://localhost:8761/eureka/apps/delta
2026-02-24 10:31:59.662 DEBUG 195745 --- [freshExecutor-0] o.s.w.c.RestTemplate                     : Accept=[application/json, application/*+json]
2026-02-24 10:31:59.664 DEBUG 195745 --- [freshExecutor-0] o.s.w.c.RestTemplate                     : Response 200 OK
2026-02-24 10:31:59.664 DEBUG 195745 --- [freshExecutor-0] o.s.w.c.RestTemplate                     : Reading to [org.springframework.cloud.netflix.eureka.http.EurekaApplications]
2026-02-24 10:32:04.144 DEBUG 195745 --- [freshExecutor-0] o.s.w.c.RestTemplate                     : HTTP GET http://localhost:8761/eureka/apps/delta
2026-02-24 10:32:04.144 DEBUG 195745 --- [freshExecutor-0] o.s.w.c.RestTemplate                     : Accept=[application/json, application/*+json]
2026-02-24 10:32:04.147 DEBUG 195745 --- [freshExecutor-0] o.s.w.c.RestTemplate                     : Response 200 OK
2026-02-24 10:32:04.147 DEBUG 195745 --- [freshExecutor-0] o.s.w.c.RestTemplate                     : Reading to [org.springframework.cloud.netflix.eureka.http.EurekaApplications]
2026-02-24 10:32:09.151 DEBUG 195745 --- [freshExecutor-0] o.s.w.c.RestTemplate                     : HTTP GET http://localhost:8761/eureka/apps/delta
2026-02-24 10:32:09.151 DEBUG 195745 --- [freshExecutor-0] o.s.w.c.RestTemplate                     : Accept=[application/json, application/*+json]
2026-02-24 10:32:09.154 DEBUG 195745 --- [freshExecutor-0] o.s.w.c.RestTemplate                     : Response 200 OK
2026-02-24 10:32:09.154 DEBUG 195745 --- [freshExecutor-0] o.s.w.c.RestTemplate                     : Reading to [org.springframework.cloud.netflix.eureka.http.EurekaApplications]
2026-02-24 10:32:13.657 DEBUG 195745 --- [freshExecutor-0] o.s.w.c.RestTemplate                     : HTTP GET http://localhost:8761/eureka/apps/delta
2026-02-24 10:32:13.657 DEBUG 195745 --- [freshExecutor-0] o.s.w.c.RestTemplate                     : Accept=[application/json, application/*+json]
2026-02-24 10:32:13.660 DEBUG 195745 --- [freshExecutor-0] o.s.w.c.RestTemplate                     : Response 200 OK
2026-02-24 10:32:13.660 DEBUG 195745 --- [freshExecutor-0] o.s.w.c.RestTemplate                     : Reading to [org.springframework.cloud.netflix.eureka.http.EurekaApplications]
2026-02-24 10:32:18.158 DEBUG 195745 --- [freshExecutor-0] o.s.w.c.RestTemplate                     : HTTP GET http://localhost:8761/eureka/apps/delta
2026-02-24 10:32:18.159 DEBUG 195745 --- [freshExecutor-0] o.s.w.c.RestTemplate                     : Accept=[application/json, application/*+json]
2026-02-24 10:32:18.162 DEBUG 195745 --- [freshExecutor-0] o.s.w.c.RestTemplate                     : Response 200 OK
2026-02-24 10:32:18.162 DEBUG 195745 --- [freshExecutor-0] o.s.w.c.RestTemplate                     : Reading to [org.springframework.cloud.netflix.eureka.http.EurekaApplications]
2026-02-24 10:32:22.111 DEBUG 195745 --- [tbeatExecutor-0] o.s.w.c.RestTemplate                     : HTTP PUT http://localhost:8761/eureka/apps/EGOVCERTLOGIN/10.255.255.254:EgovCertLogin:18031?status=UP&lastDirtyTimestamp=1771896223588
2026-02-24 10:32:22.111 DEBUG 195745 --- [tbeatExecutor-0] o.s.w.c.RestTemplate                     : Accept=[application/json, application/*+json]
2026-02-24 10:32:22.113 DEBUG 195745 --- [tbeatExecutor-0] o.s.w.c.RestTemplate                     : Response 200 OK
2026-02-24 10:32:27.971 DEBUG 195745 --- [freshExecutor-0] o.s.w.c.RestTemplate                     : HTTP GET http://localhost:8761/eureka/apps/delta
2026-02-24 10:32:27.972 DEBUG 195745 --- [freshExecutor-0] o.s.w.c.RestTemplate                     : Accept=[application/json, application/*+json]
2026-02-24 10:32:27.974 DEBUG 195745 --- [freshExecutor-0] o.s.w.c.RestTemplate                     : Response 200 OK
2026-02-24 10:32:27.974 DEBUG 195745 --- [freshExecutor-0] o.s.w.c.RestTemplate                     : Reading to [org.springframework.cloud.netflix.eureka.http.EurekaApplications]
2026-02-24 10:32:27.180 DEBUG 195745 --- [freshExecutor-0] o.s.w.c.RestTemplate                     : HTTP GET http://localhost:8761/eureka/apps/delta
2026-02-24 10:32:27.180 DEBUG 195745 --- [freshExecutor-0] o.s.w.c.RestTemplate                     : Accept=[application/json, application/*+json]
2026-02-24 10:32:27.181 DEBUG 195745 --- [freshExecutor-0] o.s.w.c.RestTemplate                     : Response 200 OK
2026-02-24 10:32:27.181 DEBUG 195745 --- [freshExecutor-0] o.s.w.c.RestTemplate                     : Reading to [org.springframework.cloud.netflix.eureka.http.EurekaApplications]
2026-02-24 10:32:31.673 DEBUG 195745 --- [freshExecutor-0] o.s.w.c.RestTemplate                     : HTTP GET http://localhost:8761/eureka/apps/delta
2026-02-24 10:32:31.673 DEBUG 195745 --- [freshExecutor-0] o.s.w.c.RestTemplate                     : Accept=[application/json, application/*+json]
2026-02-24 10:32:31.682 DEBUG 195745 --- [freshExecutor-0] o.s.w.c.RestTemplate                     : Response 200 OK
2026-02-24 10:32:31.683 DEBUG 195745 --- [freshExecutor-0] o.s.w.c.RestTemplate                     : Reading to [org.springframework.cloud.netflix.eureka.http.EurekaApplications]
2026-02-24 10:32:36.188 DEBUG 195745 --- [freshExecutor-0] o.s.w.c.RestTemplate                     : HTTP GET http://localhost:8761/eureka/apps/delta
2026-02-24 10:32:36.188 DEBUG 195745 --- [freshExecutor-0] o.s.w.c.RestTemplate                     : Accept=[application/json, application/*+json]
2026-02-24 10:32:36.190 DEBUG 195745 --- [freshExecutor-0] o.s.w.c.RestTemplate                     : Response 200 OK
2026-02-24 10:32:36.190 DEBUG 195745 --- [freshExecutor-0] o.s.w.c.RestTemplate                     : Reading to [org.springframework.cloud.netflix.eureka.http.EurekaApplications]
2026-02-24 10:32:40.680 DEBUG 195745 --- [freshExecutor-0] o.s.w.c.RestTemplate                     : HTTP GET http://localhost:8761/eureka/apps/delta
2026-02-24 10:32:40.680 DEBUG 195745 --- [freshExecutor-0] o.s.w.c.RestTemplate                     : Accept=[application/json, application/*+json]
2026-02-24 10:32:40.683 DEBUG 195745 --- [freshExecutor-0] o.s.w.c.RestTemplate                     : Response 200 OK
2026-02-24 10:32:40.683 DEBUG 195745 --- [freshExecutor-0] o.s.w.c.RestTemplate                     : Reading to [org.springframework.cloud.netflix.eureka.http.EurekaApplications]
2026-02-24 10:32:45.201 DEBUG 195745 --- [freshExecutor-0] o.s.w.c.RestTemplate                     : HTTP GET http://localhost:8761/eureka/apps/delta
2026-02-24 10:32:45.201 DEBUG 195745 --- [freshExecutor-0] o.s.w.c.RestTemplate                     : Accept=[application/json, application/*+json]
2026-02-24 10:32:45.204 DEBUG 195745 --- [freshExecutor-0] o.s.w.c.RestTemplate                     : Response 200 OK
2026-02-24 10:32:45.204 DEBUG 195745 --- [freshExecutor-0] o.s.w.c.RestTemplate                     : Reading to [org.springframework.cloud.netflix.eureka.http.EurekaApplications]
2026-02-24 10:32:54.557  INFO 195745 --- [trap-executor-0] c.n.d.s.r.a.ConfigClusterResolver        : Resolving eureka endpoints via configuration
2026-02-24 10:32:49.116 DEBUG 195745 --- [tbeatExecutor-0] o.s.w.c.RestTemplate                     : HTTP PUT http://localhost:8761/eureka/apps/EGOVCERTLOGIN/10.255.255.254:EgovCertLogin:18031?status=UP&lastDirtyTimestamp=1771896223588
2026-02-24 10:32:49.116 DEBUG 195745 --- [tbeatExecutor-0] o.s.w.c.RestTemplate                     : Accept=[application/json, application/*+json]
2026-02-24 10:32:49.119 DEBUG 195745 --- [tbeatExecutor-0] o.s.w.c.RestTemplate                     : Response 200 OK
2026-02-24 10:32:55.274 DEBUG 195745 --- [freshExecutor-0] o.s.w.c.RestTemplate                     : HTTP GET http://localhost:8761/eureka/apps/delta
2026-02-24 10:32:55.274 DEBUG 195745 --- [freshExecutor-0] o.s.w.c.RestTemplate                     : Accept=[application/json, application/*+json]
2026-02-24 10:32:55.277 DEBUG 195745 --- [freshExecutor-0] o.s.w.c.RestTemplate                     : Response 200 OK
2026-02-24 10:32:55.277 DEBUG 195745 --- [freshExecutor-0] o.s.w.c.RestTemplate                     : Reading to [org.springframework.cloud.netflix.eureka.http.EurekaApplications]
